Component: ARM Compiler 5.06 update 5 (build 528) Tool: armlink [4d35e2]

==============================================================================

Section Cross References

    main.o(i.main) refers to init.o(i.sys_init) for sys_init
    main.o(i.main) refers to bldc.o(i.uhvl) for uhvl
    main.o(i.main) refers to stm32f1xx_hal.o(i.HAL_Init) for HAL_Init
    main.o(i.main) refers to adc.o(i.ADC_Config) for ADC_Config
    main.o(i.main) refers to adc.o(i.Read_ADC) for Read_ADC
    main.o(i.main) refers to bldc.o(.data) for motor
    stm32f1xx_hal_msp.o(i.HAL_ADC_MspDeInit) refers to stm32f1xx_hal_gpio.o(i.HAL_GPIO_DeInit) for HAL_GPIO_DeInit
    stm32f1xx_hal_msp.o(i.HAL_ADC_MspDeInit) refers to stm32f1xx_hal_dma.o(i.HAL_DMA_DeInit) for HAL_DMA_DeInit
    stm32f1xx_hal_msp.o(i.HAL_ADC_MspDeInit) refers to stm32f1xx_hal_cortex.o(i.HAL_NVIC_DisableIRQ) for HAL_NVIC_DisableIRQ
    stm32f1xx_it.o(i.ADC1_2_IRQHandler) refers to stm32f1xx_hal_adc.o(i.HAL_ADC_IRQHandler) for HAL_ADC_IRQHandler
    stm32f1xx_it.o(i.ADC1_2_IRQHandler) refers to init.o(.bss) for AdcHandle
    stm32f1xx_it.o(i.DMA1_Channel1_IRQHandler) refers to stm32f1xx_hal_dma.o(i.HAL_DMA_IRQHandler) for HAL_DMA_IRQHandler
    stm32f1xx_it.o(i.DMA1_Channel1_IRQHandler) refers to init.o(.bss) for AdcHandle
    stm32f1xx_it.o(i.SysTick_Handler) refers to stm32f1xx_hal.o(i.HAL_IncTick) for HAL_IncTick
    stm32f1xx_it.o(i.TIM2_IRQHandler) refers to stm32f1xx_hal_tim.o(i.HAL_TIM_IRQHandler) for HAL_TIM_IRQHandler
    stm32f1xx_it.o(i.TIM2_IRQHandler) refers to init.o(.bss) for TIM2_Handler
    stm32f1xx_it.o(i.TIM3_IRQHandler) refers to stm32f1xx_hal_tim.o(i.HAL_TIM_IRQHandler) for HAL_TIM_IRQHandler
    stm32f1xx_it.o(i.TIM3_IRQHandler) refers to init.o(.bss) for htim3
    system_stm32f1xx.o(i.SystemCoreClockUpdate) refers to system_stm32f1xx.o(.data) for SystemCoreClock
    system_stm32f1xx.o(i.SystemCoreClockUpdate) refers to system_stm32f1xx.o(.constdata) for AHBPrescTable
    stm32f1xx_hal.o(i.HAL_DeInit) refers to stm32f1xx_hal_msp_template.o(i.HAL_MspDeInit) for HAL_MspDeInit
    stm32f1xx_hal.o(i.HAL_Delay) refers to stm32f1xx_hal.o(i.HAL_GetTick) for HAL_GetTick
    stm32f1xx_hal.o(i.HAL_Delay) refers to stm32f1xx_hal.o(.data) for uwTickFreq
    stm32f1xx_hal.o(i.HAL_GetTick) refers to stm32f1xx_hal.o(.data) for uwTick
    stm32f1xx_hal.o(i.HAL_GetTickFreq) refers to stm32f1xx_hal.o(.data) for uwTickFreq
    stm32f1xx_hal.o(i.HAL_GetTickPrio) refers to stm32f1xx_hal.o(.data) for uwTickPrio
    stm32f1xx_hal.o(i.HAL_IncTick) refers to stm32f1xx_hal.o(.data) for uwTick
    stm32f1xx_hal.o(i.HAL_Init) refers to stm32f1xx_hal_cortex.o(i.HAL_NVIC_SetPriorityGrouping) for HAL_NVIC_SetPriorityGrouping
    stm32f1xx_hal.o(i.HAL_Init) refers to stm32f1xx_hal.o(i.HAL_InitTick) for HAL_InitTick
    stm32f1xx_hal.o(i.HAL_Init) refers to stm32f1xx_hal_msp_template.o(i.HAL_MspInit) for HAL_MspInit
    stm32f1xx_hal.o(i.HAL_InitTick) refers to stm32f1xx_hal_cortex.o(i.HAL_SYSTICK_Config) for HAL_SYSTICK_Config
    stm32f1xx_hal.o(i.HAL_InitTick) refers to stm32f1xx_hal_cortex.o(i.HAL_NVIC_SetPriority) for HAL_NVIC_SetPriority
    stm32f1xx_hal.o(i.HAL_InitTick) refers to stm32f1xx_hal.o(.data) for uwTickFreq
    stm32f1xx_hal.o(i.HAL_InitTick) refers to system_stm32f1xx.o(.data) for SystemCoreClock
    stm32f1xx_hal.o(i.HAL_SetTickFreq) refers to stm32f1xx_hal.o(i.HAL_InitTick) for HAL_InitTick
    stm32f1xx_hal.o(i.HAL_SetTickFreq) refers to stm32f1xx_hal.o(.data) for uwTickFreq
    stm32f1xx_hal_adc.o(i.ADC_ConversionStop_Disable) refers to stm32f1xx_hal.o(i.HAL_GetTick) for HAL_GetTick
    stm32f1xx_hal_adc.o(i.ADC_DMAConvCplt) refers to measure.o(i.HAL_ADC_ConvCpltCallback) for HAL_ADC_ConvCpltCallback
    stm32f1xx_hal_adc.o(i.ADC_DMAError) refers to stm32f1xx_hal_adc.o(i.HAL_ADC_ErrorCallback) for HAL_ADC_ErrorCallback
    stm32f1xx_hal_adc.o(i.ADC_DMAHalfConvCplt) refers to stm32f1xx_hal_adc.o(i.HAL_ADC_ConvHalfCpltCallback) for HAL_ADC_ConvHalfCpltCallback
    stm32f1xx_hal_adc.o(i.ADC_Enable) refers to stm32f1xx_hal.o(i.HAL_GetTick) for HAL_GetTick
    stm32f1xx_hal_adc.o(i.ADC_Enable) refers to system_stm32f1xx.o(.data) for SystemCoreClock
    stm32f1xx_hal_adc.o(i.HAL_ADC_ConfigChannel) refers to system_stm32f1xx.o(.data) for SystemCoreClock
    stm32f1xx_hal_adc.o(i.HAL_ADC_DeInit) refers to stm32f1xx_hal_adc.o(i.ADC_ConversionStop_Disable) for ADC_ConversionStop_Disable
    stm32f1xx_hal_adc.o(i.HAL_ADC_DeInit) refers to stm32f1xx_hal_msp.o(i.HAL_ADC_MspDeInit) for HAL_ADC_MspDeInit
    stm32f1xx_hal_adc.o(i.HAL_ADC_IRQHandler) refers to measure.o(i.HAL_ADC_ConvCpltCallback) for HAL_ADC_ConvCpltCallback
    stm32f1xx_hal_adc.o(i.HAL_ADC_IRQHandler) refers to stm32f1xx_hal_adc_ex.o(i.HAL_ADCEx_InjectedConvCpltCallback) for HAL_ADCEx_InjectedConvCpltCallback
    stm32f1xx_hal_adc.o(i.HAL_ADC_IRQHandler) refers to stm32f1xx_hal_adc.o(i.HAL_ADC_LevelOutOfWindowCallback) for HAL_ADC_LevelOutOfWindowCallback
[...]
    Removing motor_ctrl.o(i.cal_motor), (56 bytes).
    Removing motor_ctrl.o(.bss), (18 bytes).
    Removing measure.o(.rev16_text), (4 bytes).
    Removing measure.o(.revsh_text), (4 bytes).
    Removing measure.o(.rrx_text), (6 bytes).
    Removing comm.o(.rev16_text), (4 bytes).
    Removing comm.o(.revsh_text), (4 bytes).
    Removing comm.o(.rrx_text), (6 bytes).
    Removing net_pid.o(.rev16_text), (4 bytes).
    Removing net_pid.o(.revsh_text), (4 bytes).
    Removing net_pid.o(.rrx_text), (6 bytes).
    Removing net_pid.o(i.calc_f_grad), (68 bytes).
    Removing net_pid.o(i.jud_grad), (76 bytes).
    Removing net_pid.o(i.net_update), (908 bytes).
    Removing net_pid.o(i.netpid_init), (176 bytes).
    Removing net_pid.o(i.pid_output), (372 bytes).
    Removing net_pid.o(i.u_que_init), (34 bytes).
    Removing net_pid.o(i.update_que), (40 bytes).
    Removing adc.o(.rev16_text), (4 bytes).
    Removing adc.o(.revsh_text), (4 bytes).
    Removing adc.o(.rrx_text), (6 bytes).

495 unused section(s) (total 31842 bytes) removed from the image.

==============================================================================

Image Symbol Table

    Local Symbols

    Symbol Name                              Value     Ov Type        Size  Object(Section)

    ../clib/angel/boardlib.s                 0x00000000   Number         0  boardinit1.o ABSOLUTE
    ../clib/angel/boardlib.s                 0x00000000   Number         0  boardshut.o ABSOLUTE
    ../clib/angel/boardlib.s                 0x00000000   Number         0  boardinit3.o ABSOLUTE
    ../clib/angel/boardlib.s                 0x00000000   Number         0  boardinit2.o ABSOLUTE
    ../clib/angel/handlers.s                 0x00000000   Number         0  __scatter_copy.o ABSOLUTE
    ../clib/angel/handlers.s                 0x00000000   Number         0  __scatter_zi.o ABSOLUTE
    ../clib/angel/kernel.s                   0x00000000   Number         0  rtexit.o ABSOLUTE
    ../clib/angel/kernel.s                   0x00000000   Number         0  __rtentry.o ABSOLUTE
    ../clib/angel/kernel.s                   0x00000000   Number         0  rtexit2.o ABSOLUTE
    ../clib/angel/kernel.s                   0x00000000   Number         0  __rtentry2.o ABSOLUTE
    ../clib/angel/kernel.s                   0x00000000   Number         0  __rtentry4.o ABSOLUTE
    ../clib/angel/rt.s                       0x00000000   Number         0  rt_div0.o ABSOLUTE
    ../clib/angel/rt.s                       0x00000000   Number         0  rt_raise.o ABSOLUTE
    ../clib/angel/rt.s                       0x00000000   Number         0  aeabi_ldiv0.o ABSOLUTE
    ../clib/angel/rt.s                       0x00000000   Number         0  aeabi_ldiv0_sigfpe.o ABSOLUTE
    ../clib/angel/scatter.s                  0x00000000   Number         0  __scatter.o ABSOLUTE
    ../clib/angel/startup.s                  0x00000000   Number         0  __main.o ABSOLUTE
    ../clib/angel/sys.s                      0x00000000   Number         0  sys_stackheap_outer.o ABSOLUTE
    ../clib/angel/sys.s                      0x00000000   Number         0  libspace.o ABSOLUTE
    ../clib/angel/sys.s                      0x00000000   Number         0  use_no_semi.o ABSOLUTE
    ../clib/angel/sys.s                      0x00000000   Number         0  indicate_semi.o ABSOLUTE
    ../clib/angel/sysapp.c                   0x00000000   Number         0  sys_exit.o ABSOLUTE
    ../clib/angel/sysapp.c                   0x00000000   Number         0  sys_wrch.o ABSOLUTE
    ../clib/angel/sysapp.c                   0x00000000   Number         0  sys_command.o ABSOLUTE
    ../clib/armsys.c                         0x00000000   Number         0  argv_veneer.o ABSOLUTE
    ../clib/armsys.c                         0x00000000   Number         0  no_argv.o ABSOLUTE
    ../clib/armsys.c                         0x00000000   Number         0  argv_veneer.o ABSOLUTE
    ../clib/armsys.c                         0x00000000   Number         0  _get_argv_nomalloc.o ABSOLUTE
    ../clib/heapalloc.c                      0x00000000   Number         0  hrguard.o ABSOLUTE
    ../clib/heapaux.c                        0x00000000   Number         0  heapauxi.o ABSOLUTE
    ../clib/libinit.s                        0x00000000   Number         0  libshutdown2.o ABSOLUTE
    ../clib/libinit.s                        0x00000000   Number         0  libinit.o ABSOLUTE
    ../clib/libinit.s                        0x00000000   Number         0  libinit2.o ABSOLUTE
    ../clib/libinit.s                        0x00000000   Number         0  libshutdown.o ABSOLUTE
    ../clib/longlong.s                       0x00000000   Number         0  llushr.o ABSOLUTE
    ../clib/longlong.s                       0x00000000   Number         0  llsdiv.o ABSOLUTE
    ../clib/longlong.s                       0x00000000   Number         0  lludivv7m.o ABSOLUTE
    ../clib/memcpset.s                       0x00000000   Number         0  rt_memclr_w.o ABSOLUTE
    ../clib/signal.c                         0x00000000   Number         0  defsig_fpe_inner.o ABSOLUTE
    ../clib/signal.c                         0x00000000   Number         0  defsig_exit.o ABSOLUTE
    ../clib/signal.c                         0x00000000   Number         0  defsig_cppl_inner.o ABSOLUTE
    ../clib/signal.c                         0x00000000   Number         0  __raise.o ABSOLUTE
    ../clib/signal.c                         0x00000000   Number         0  defsig_fpe_outer.o ABSOLUTE
    ../clib/signal.c                         0x00000000   Number         0  defsig_fpe_formal.o ABSOLUTE
    ../clib/signal.c                         0x00000000   Number         0  defsig_segv_inner.o ABSOLUTE
    ../clib/signal.c                         0x00000000   Number         0  defsig_rtmem_inner.o ABSOLUTE
    ../clib/signal.c                         0x00000000   Number         0  defsig_other.o ABSOLUTE
    ../clib/signal.c                         0x00000000   Number         0  defsig_rtred_inner.o ABSOLUTE
    ../clib/signal.c                         0x00000000   Number         0  defsig_abrt_inner.o ABSOLUTE
    ../clib/signal.c                         0x00000000   Number         0  defsig_stak_inner.o ABSOLUTE
    ../clib/signal.c                         0x00000000   Number         0  defsig_rtmem_formal.o ABSOLUTE
    ../clib/signal.c                         0x00000000   Number         0  defsig_rtmem_outer.o ABSOLUTE
    ../clib/signal.c                         0x00000000   Number         0  defsig_pvfn_inner.o ABSOLUTE
    ../clib/signal.c                         0x00000000   Number         0  defsig_general.o ABSOLUTE
    ../clib/signal.s                         0x00000000   Number         0  defsig.o ABSOLUTE
    ../clib/stdlib.c                         0x00000000   Number         0  exit.o ABSOLUTE
    ../fplib/d2f.s                           0x00000000   Number         0  d2f.o ABSOLUTE
    ../fplib/daddsub.s                       0x00000000   Number         0  daddsub_clz.o ABSOLUTE
    ../fplib/ddiv.s                          0x00000000   Number         0  ddiv.o ABSOLUTE
    ../fplib/dfixu.s                         0x00000000   Number         0  dfixu.o ABSOLUTE
    ../fplib/dflt.s                          0x00000000   Number         0  dflt_clz.o ABSOLUTE
    ../fplib/dmul.s                          0x00000000   Number         0  dmul.o ABSOLUTE
    ../fplib/dnaninf.s                       0x00000000   Number         0  dnaninf.o ABSOLUTE
    ../fplib/dretinf.s                       0x00000000   Number         0  dretinf.o ABSOLUTE
    ../fplib/f2d.s                           0x00000000   Number         0  f2d.o ABSOLUTE
    ../fplib/faddsub.s                       0x00000000   Number         0  faddsub_clz.o ABSOLUTE
    ../fplib/fcmpi.s                         0x00000000   Number         0  fcmpi.o ABSOLUTE
    ../fplib/fdiv.s                          0x00000000   Number         0  fdiv.o ABSOLUTE
    ../fplib/feqf.s                          0x00000000   Number         0  feqf.o ABSOLUTE
    ../fplib/ffixu.s                         0x00000000   Number         0  ffixu.o ABSOLUTE
    ../fplib/fflt.s                          0x00000000   Number         0  fflt_clz.o ABSOLUTE
    ../fplib/fleqf.s                         0x00000000   Number         0  fleqf.o ABSOLUTE
    ../fplib/fmul.s                          0x00000000   Number         0  fmul.o ABSOLUTE
    ../fplib/fnaninf.s                       0x00000000   Number         0  fnaninf.o ABSOLUTE
    ../fplib/fpinit.s                        0x00000000   Number         0  fpinit.o ABSOLUTE
    ../fplib/fretinf.s                       0x00000000   Number         0  fretinf.o ABSOLUTE
    ../fplib/frleqf.s                        0x00000000   Number         0  frleqf.o ABSOLUTE
    ../fplib/usenofp.s                       0x00000000   Number         0  usenofp.o ABSOLUTE
    adc.c                                    0x00000000   Number         0  adc.o ABSOLUTE
    adc.c                                    0x00000000   Number         0  adc.o ABSOLUTE
    bldc.c                                   0x00000000   Number         0  bldc.o ABSOLUTE
    bldc.c                                   0x00000000   Number         0  bldc.o ABSOLUTE
    comm.c                                   0x00000000   Number         0  comm.o ABSOLUTE
    comm.c                                   0x00000000   Number         0  comm.o ABSOLUTE
    core\startup_stm32f103xb.s               0x00000000   Number         0  startup_stm32f103xb.o ABSOLUTE
    dc.s                                     0x00000000   Number         0  dc.o ABSOLUTE
    init.c                                   0x00000000   Number         0  init.o ABSOLUTE
    init.c                                   0x00000000   Number         0  init.o ABSOLUTE
    lib\Src\stm32f1xx_hal.c                  0x00000000   Number         0  stm32f1xx_hal.o ABSOLUTE
    lib\Src\stm32f1xx_hal_adc.c              0x00000000   Number         0  stm32f1xx_hal_adc.o ABSOLUTE
    lib\Src\stm32f1xx_hal_adc_ex.c           0x00000000   Number         0  stm32f1xx_hal_adc_ex.o ABSOLUTE
    lib\Src\stm32f1xx_hal_can.c              0x00000000   Number         0  stm32f1xx_hal_can.o ABSOLUTE
    lib\Src\stm32f1xx_hal_cec.c              0x00000000   Number         0  stm32f1xx_hal_cec.o ABSOLUTE
    lib\Src\stm32f1xx_hal_cortex.c           0x00000000   Number         0  stm32f1xx_hal_cortex.o ABSOLUTE
    lib\Src\stm32f1xx_hal_crc.c              0x00000000   Number         0  stm32f1xx_hal_crc.o ABSOLUTE
    lib\Src\stm32f1xx_hal_dac.c              0x00000000   Number         0  stm32f1xx_hal_dac.o ABSOLUTE
    lib\Src\stm32f1xx_hal_dac_ex.c           0x00000000   Number         0  stm32f1xx_hal_dac_ex.o ABSOLUTE
    lib\Src\stm32f1xx_hal_dma.c              0x00000000   Number         0  stm32f1xx_hal_dma.o ABSOLUTE
    lib\Src\stm32f1xx_hal_eth.c              0x00000000   Number         0  stm32f1xx_hal_eth.o ABSOLUTE
    lib\Src\stm32f1xx_hal_exti.c             0x00000000   Number         0  stm32f1xx_hal_exti.o ABSOLUTE
    lib\Src\stm32f1xx_hal_flash.c            0x00000000   Number         0  stm32f1xx_hal_flash.o ABSOLUTE
    lib\Src\stm32f1xx_hal_flash_ex.c         0x00000000   Number         0  stm32f1xx_hal_flash_ex.o ABSOLUTE
    lib\Src\stm32f1xx_hal_gpio.c             0x00000000   Number         0  stm32f1xx_hal_gpio.o ABSOLUTE
    lib\Src\stm32f1xx_hal_gpio_ex.c          0x00000000   Number         0  stm32f1xx_hal_gpio_ex.o ABSOLUTE
    lib\Src\stm32f1xx_hal_hcd.c              0x00000000   Number         0  stm32f1xx_hal_hcd.o ABSOLUTE
    lib\Src\stm32f1xx_hal_i2c.c              0x00000000   Number         0  stm32f1xx_hal_i2c.o ABSOLUTE
    lib\Src\stm32f1xx_hal_i2s.c              0x00000000   Number         0  stm32f1xx_hal_i2s.o ABSOLUTE
    lib\Src\stm32f1xx_hal_irda.c             0x00000000   Number         0  stm32f1xx_hal_irda.o ABSOLUTE
    lib\Src\stm32f1xx_hal_iwdg.c             0x00000000   Number         0  stm32f1xx_hal_iwdg.o ABSOLUTE
    lib\Src\stm32f1xx_hal_mmc.c              0x00000000   Number         0  stm32f1xx_hal_mmc.o ABSOLUTE
    lib\Src\stm32f1xx_hal_msp_template.c     0x00000000   Number         0  stm32f1xx_hal_msp_template.o ABSOLUTE
    lib\Src\stm32f1xx_hal_nand.c             0x00000000   Number         0  stm32f1xx_hal_nand.o ABSOLUTE
    lib\Src\stm32f1xx_hal_nor.c              0x00000000   Number         0  stm32f1xx_hal_nor.o ABSOLUTE
    lib\Src\stm32f1xx_hal_pccard.c           0x00000000   Number         0  stm32f1xx_hal_pccard.o ABSOLUTE
    lib\Src\stm32f1xx_hal_pcd.c              0x00000000   Number         0  stm32f1xx_hal_pcd.o ABSOLUTE
    lib\Src\stm32f1xx_hal_pcd_ex.c           0x00000000   Number         0  stm32f1xx_hal_pcd_ex.o ABSOLUTE
    lib\Src\stm32f1xx_hal_pwr.c              0x00000000   Number         0  stm32f1xx_hal_pwr.o ABSOLUTE
    lib\Src\stm32f1xx_hal_rcc.c              0x00000000   Number         0  stm32f1xx_hal_rcc.o ABSOLUTE
    lib\Src\stm32f1xx_hal_rcc_ex.c           0x00000000   Number         0  stm32f1xx_hal_rcc_ex.o ABSOLUTE
    lib\Src\stm32f1xx_hal_rtc.c              0x00000000   Number         0  stm32f1xx_hal_rtc.o ABSOLUTE
    lib\Src\stm32f1xx_hal_rtc_ex.c           0x00000000   Number         0  stm32f1xx_hal_rtc_ex.o ABSOLUTE
    lib\Src\stm32f1xx_hal_sd.c               0x00000000   Number         0  stm32f1xx_hal_sd.o ABSOLUTE
    lib\Src\stm32f1xx_hal_smartcard.c        0x00000000   Number         0  stm32f1xx_hal_smartcard.o ABSOLUTE
    lib\Src\stm32f1xx_hal_spi.c              0x00000000   Number         0  stm32f1xx_hal_spi.o ABSOLUTE
    lib\Src\stm32f1xx_hal_sram.c             0x00000000   Number         0  stm32f1xx_hal_sram.o ABSOLUTE
    lib\Src\stm32f1xx_hal_tim.c              0x00000000   Number         0  stm32f1xx_hal_tim.o ABSOLUTE
    lib\Src\stm32f1xx_hal_tim_ex.c           0x00000000   Number         0  stm32f1xx_hal_tim_ex.o ABSOLUTE
    lib\Src\stm32f1xx_hal_uart.c             0x00000000   Number         0  stm32f1xx_hal_uart.o ABSOLUTE
    lib\Src\stm32f1xx_hal_usart.c            0x00000000   Number         0  stm32f1xx_hal_usart.o ABSOLUTE
    lib\Src\stm32f1xx_hal_wwdg.c             0x00000000   Number         0  stm32f1xx_hal_wwdg.o ABSOLUTE
    lib\Src\stm32f1xx_ll_adc.c               0x00000000   Number         0  stm32f1xx_ll_adc.o ABSOLUTE
    lib\Src\stm32f1xx_ll_crc.c               0x00000000   Number         0  stm32f1xx_ll_crc.o ABSOLUTE
    lib\Src\stm32f1xx_ll_dac.c               0x00000000   Number         0  stm32f1xx_ll_dac.o ABSOLUTE
    lib\Src\stm32f1xx_ll_dma.c               0x00000000   Number         0  stm32f1xx_ll_dma.o ABSOLUTE
    lib\Src\stm32f1xx_ll_exti.c              0x00000000   Number         0  stm32f1xx_ll_exti.o ABSOLUTE
    lib\Src\stm32f1xx_ll_fsmc.c              0x00000000   Number         0  stm32f1xx_ll_fsmc.o ABSOLUTE
    lib\Src\stm32f1xx_ll_gpio.c              0x00000000   Number         0  stm32f1xx_ll_gpio.o ABSOLUTE
    lib\Src\stm32f1xx_ll_i2c.c               0x00000000   Number         0  stm32f1xx_ll_i2c.o ABSOLUTE
    lib\Src\stm32f1xx_ll_pwr.c               0x00000000   Number         0  stm32f1xx_ll_pwr.o ABSOLUTE
    lib\Src\stm32f1xx_ll_rcc.c               0x00000000   Number         0  stm32f1xx_ll_rcc.o ABSOLUTE
    lib\Src\stm32f1xx_ll_rtc.c               0x00000000   Number         0  stm32f1xx_ll_rtc.o ABSOLUTE
    lib\Src\stm32f1xx_ll_sdmmc.c             0x00000000   Number         0  stm32f1xx_ll_sdmmc.o ABSOLUTE
    lib\Src\stm32f1xx_ll_spi.c               0x00000000   Number         0  stm32f1xx_ll_spi.o ABSOLUTE
    lib\Src\stm32f1xx_ll_tim.c               0x00000000   Number         0  stm32f1xx_ll_tim.o ABSOLUTE
    lib\Src\stm32f1xx_ll_usart.c             0x00000000   Number         0  stm32f1xx_ll_usart.o ABSOLUTE
    lib\Src\stm32f1xx_ll_usb.c               0x00000000   Number         0  stm32f1xx_ll_usb.o ABSOLUTE
    lib\Src\stm32f1xx_ll_utils.c             0x00000000   Number         0  stm32f1xx_ll_utils.o ABSOLUTE
    lib\\Src\\stm32f1xx_hal.c                0x00000000   Number         0  stm32f1xx_hal.o ABSOLUTE
    lib\\Src\\stm32f1xx_hal_adc.c            0x00000000   Number         0  stm32f1xx_hal_adc.o ABSOLUTE
    lib\\Src\\stm32f1xx_hal_adc_ex.c         0x00000000   Number         0  stm32f1xx_hal_adc_ex.o ABSOLUTE
    lib\\Src\\stm32f1xx_hal_can.c            0x00000000   Number         0  stm32f1xx_hal_can.o ABSOLUTE
    lib\\Src\\stm32f1xx_hal_cec.c            0x00000000   Number         0  stm32f1xx_hal_cec.o ABSOLUTE
    lib\\Src\\stm32f1xx_hal_cortex.c         0x00000000   Number         0  stm32f1xx_hal_cortex.o ABSOLUTE
    lib\\Src\\stm32f1xx_hal_crc.c            0x00000000   Number         0  stm32f1xx_hal_crc.o ABSOLUTE
    lib\\Src\\stm32f1xx_hal_dac.c            0x00000000   Number         0  stm32f1xx_hal_dac.o ABSOLUTE
    lib\\Src\\stm32f1xx_hal_dac_ex.c         0x00000000   Number         0  stm32f1xx_hal_dac_ex.o ABSOLUTE
    lib\\Src\\stm32f1xx_hal_dma.c            0x00000000   Number         0  stm32f1xx_hal_dma.o ABSOLUTE
    lib\\Src\\stm32f1xx_hal_eth.c            0x00000000   Number         0  stm32f1xx_hal_eth.o ABSOLUTE
    lib\\Src\\stm32f1xx_hal_exti.c           0x00000000   Number         0  stm32f1xx_hal_exti.o ABSOLUTE
    lib\\Src\\stm32f1xx_hal_flash.c          0x00000000   Number         0  stm32f1xx_hal_flash.o ABSOLUTE
    lib\\Src\\stm32f1xx_hal_flash_ex.c       0x00000000   Number         0  stm32f1xx_hal_flash_ex.o ABSOLUTE
    lib\\Src\\stm32f1xx_hal_gpio.c           0x00000000   Number         0  stm32f1xx_hal_gpio.o ABSOLUTE
    lib\\Src\\stm32f1xx_hal_gpio_ex.c        0x00000000   Number         0  stm32f1xx_hal_gpio_ex.o ABSOLUTE
    lib\\Src\\stm32f1xx_hal_hcd.c            0x00000000   Number         0  stm32f1xx_hal_hcd.o ABSOLUTE
    lib\\Src\\stm32f1xx_hal_i2c.c            0x00000000   Number         0  stm32f1xx_hal_i2c.o ABSOLUTE
    lib\\Src\\stm32f1xx_hal_i2s.c            0x00000000   Number         0  stm32f1xx_hal_i2s.o ABSOLUTE
    lib\\Src\\stm32f1xx_hal_irda.c           0x00000000   Number         0  stm32f1xx_hal_irda.o ABSOLUTE
    lib\\Src\\stm32f1xx_hal_iwdg.c           0x00000000   Number         0  stm32f1xx_hal_iwdg.o ABSOLUTE
    lib\\Src\\stm32f1xx_hal_mmc.c            0x00000000   Number         0  stm32f1xx_hal_mmc.o ABSOLUTE
    lib\\Src\\stm32f1xx_hal_msp_template.c   0x00000000   Number         0  stm32f1xx_hal_msp_template.o ABSOLUTE
    lib\\Src\\stm32f1xx_hal_nand.c           0x00000000   Number         0  stm32f1xx_hal_nand.o ABSOLUTE
    lib\\Src\\stm32f1xx_hal_nor.c            0x00000000   Number         0  stm32f1xx_hal_nor.o ABSOLUTE
    lib\\Src\\stm32f1xx_hal_pccard.c         0x00000000   Number         0  stm32f1xx_hal_pccard.o ABSOLUTE
    lib\\Src\\stm32f1xx_hal_pcd.c            0x00000000   Number         0  stm32f1xx_hal_pcd.o ABSOLUTE
    lib\\Src\\stm32f1xx_hal_pcd_ex.c         0x00000000   Number         0  stm32f1xx_hal_pcd_ex.o ABSOLUTE
    lib\\Src\\stm32f1xx_hal_pwr.c            0x00000000   Number         0  stm32f1xx_hal_pwr.o ABSOLUTE
    lib\\Src\\stm32f1xx_hal_rcc.c            0x00000000   Number         0  stm32f1xx_hal_rcc.o ABSOLUTE
    lib\\Src\\stm32f1xx_hal_rcc_ex.c         0x00000000   Number         0  stm32f1xx_hal_rcc_ex.o ABSOLUTE
    lib\\Src\\stm32f1xx_hal_rtc.c            0x00000000   Number         0  stm32f1xx_hal_rtc.o ABSOLUTE
    lib\\Src\\stm32f1xx_hal_rtc_ex.c         0x00000000   Number         0  stm32f1xx_hal_rtc_ex.o ABSOLUTE
    lib\\Src\\stm32f1xx_hal_sd.c             0x00000000   Number         0  stm32f1xx_hal_sd.o ABSOLUTE
    lib\\Src\\stm32f1xx_hal_smartcard.c      0x00000000   Number         0  stm32f1xx_hal_smartcard.o ABSOLUTE
    lib\\Src\\stm32f1xx_hal_spi.c            0x00000000   Number         0  stm32f1xx_hal_spi.o ABSOLUTE
    lib\\Src\\stm32f1xx_hal_sram.c           0x00000000   Number         0  stm32f1xx_hal_sram.o ABSOLUTE
    lib\\Src\\stm32f1xx_hal_tim.c            0x00000000   Number         0  stm32f1xx_hal_tim.o ABSOLUTE
    lib\\Src\\stm32f1xx_hal_tim_ex.c         0x00000000   Number         0  stm32f1xx_hal_tim_ex.o ABSOLUTE
    lib\\Src\\stm32f1xx_hal_uart.c           0x00000000   Number         0  stm32f1xx_hal_uart.o ABSOLUTE
    lib\\Src\\stm32f1xx_hal_usart.c          0x00000000   Number         0  stm32f1xx_hal_usart.o ABSOLUTE
    lib\\Src\\stm32f1xx_hal_wwdg.c           0x00000000   Number         0  stm32f1xx_hal_wwdg.o ABSOLUTE
    lib\\Src\\stm32f1xx_ll_fsmc.c            0x00000000   Number         0  stm32f1xx_ll_fsmc.o ABSOLUTE
    lib\\Src\\stm32f1xx_ll_sdmmc.c           0x00000000   Number         0  stm32f1xx_ll_sdmmc.o ABSOLUTE
    lib\\Src\\stm32f1xx_ll_usb.c             0x00000000   Number         0  stm32f1xx_ll_usb.o ABSOLUTE
    lib\\Src\\stm32f1xx_ll_utils.c           0x00000000   Number         0  stm32f1xx_ll_utils.o ABSOLUTE
    main.c                                   0x00000000   Number         0  main.o ABSOLUTE
    main.c                                   0x00000000   Number         0  main.o ABSOLUTE
    measure.c                                0x00000000   Number         0  measure.o ABSOLUTE
    measure.c                                0x00000000   Number         0  measure.o ABSOLUTE
    motor_ctrl.c                             0x00000000   Number         0  motor_ctrl.o ABSOLUTE
    motor_ctrl.c                             0x00000000   Number         0  motor_ctrl.o ABSOLUTE
    net_pid.c                                0x00000000   Number         0  net_pid.o ABSOLUTE
    net_pid.c                                0x00000000   Number         0  net_pid.o ABSOLUTE
    stm32f1xx_hal_msp.c                      0x00000000   Number         0  stm32f1xx_hal_msp.o ABSOLUTE
    stm32f1xx_hal_msp.c                      0x00000000   Number         0  stm32f1xx_hal_msp.o ABSOLUTE
    stm32f1xx_it.c                           0x00000000   Number         0  stm32f1xx_it.o ABSOLUTE
    stm32f1xx_it.c                           0x00000000   Number         0  stm32f1xx_it.o ABSOLUTE
    system_stm32f1xx.c                       0x00000000   Number         0  system_stm32f1xx.o ABSOLUTE
    system_stm32f1xx.c                       0x00000000   Number         0  system_stm32f1xx.o ABSOLUTE
    RESET                                    0x08000000   Section      236  startup_stm32f103xb.o(RESET)
    !!!main                                  0x080000ec   Section        8  __main.o(!!!main)
    !!!scatter                               0x080000f4   Section       52  __scatter.o(!!!scatter)
    !!handler_copy                           0x08000128   Section       26  __scatter_copy.o(!!handler_copy)
    !!handler_zi                             0x08000144   Section       28  __scatter_zi.o(!!handler_zi)
    .ARM.Collect$$libinit$$00000000          0x08000160   Section        2  libinit.o(.ARM.Collect$$libinit$$00000000)
    .ARM.Collect$$libinit$$00000002          0x08000162   Section        0  libinit2.o(.ARM.Collect$$libinit$$00000002)
    .ARM.Collect$$libinit$$00000004          0x08000162   Section        0  libinit2.o(.ARM.Collect$$libinit$$00000004)
    .ARM.Collect$$libinit$$0000000A          0x08000162   Section        0  libinit2.o(.ARM.Collect$$libinit$$0000000A)
    .ARM.Collect$$libinit$$0000000C          0x08000162   Section        0  libinit2.o(.ARM.Collect$$libinit$$0000000C)
    .ARM.Collect$$libinit$$0000000E          0x08000162   Section        0  libinit2.o(.ARM.Collect$$libinit$$0000000E)
    .ARM.Collect$$libinit$$00000011          0x08000162   Section        0  libinit2.o(.ARM.Collect$$libinit$$00000011)
    .ARM.Collect$$libinit$$00000013          0x08000162   Section        0  libinit2.o(.ARM.Collect$$libinit$$00000013)
    .ARM.Collect$$libinit$$00000015          0x08000162   Section        0  libinit2.o(.ARM.Collect$$libinit$$00000015)
    .ARM.Collect$$libinit$$00000017          0x08000162   Section        0  libinit2.o(.ARM.Collect$$libinit$$00000017)
    .ARM.Collect$$libinit$$00000019          0x08000162   Section        0  libinit2.o(.ARM.Collect$$libinit$$00000019)
    .ARM.Collect$$libinit$$0000001B          0x08000162   Section        0  libinit2.o(.ARM.Collect$$libinit$$0000001B)
    .ARM.Collect$$libinit$$0000001D          0x08000162   Section        0  libinit2.o(.ARM.Collect$$libinit$$0000001D)
    .ARM.Collect$$libinit$$0000001F          0x08000162   Section        0  libinit2.o(.ARM.Collect$$libinit$$0000001F)
    .ARM.Collect$$libinit$$00000021          0x08000162   Section        0  libinit2.o(.ARM.Collect$$libinit$$00000021)
    .ARM.Collect$$libinit$$00000023          0x08000162   Section        0  libinit2.o(.ARM.Collect$$libinit$$00000023)
    .ARM.Collect$$libinit$$00000025          0x08000162   Section        0  libinit2.o(.ARM.Collect$$libinit$$00000025)
    .ARM.Collect$$libinit$$0000002C          0x08000162   Section        0  libinit2.o(.ARM.Collect$$libinit$$0000002C)
    .ARM.Collect$$libinit$$0000002E          0x08000162   Section        0  libinit2.o(.ARM.Collect$$libinit$$0000002E)
    .ARM.Collect$$libinit$$00000030          0x08000162   Section        0  libinit2.o(.ARM.Collect$$libinit$$00000030)
    .ARM.Collect$$libinit$$00000032          0x08000162   Section        0  libinit2.o(.ARM.Collect$$libinit$$00000032)
    .ARM.Collect$$libinit$$00000033          0x08000162   Section        2  libinit2.o(.ARM.Collect$$libinit$$00000033)
    .ARM.Collect$$libshutdown$$00000000      0x08000164   Section        2  libshutdown.o(.ARM.Collect$$libshutdown$$00000000)
    .ARM.Collect$$libshutdown$$00000002      0x08000166   Section        0  libshutdown2.o(.ARM.Collect$$libshutdown$$00000002)
    .ARM.Collect$$libshutdown$$00000004      0x08000166   Section        0  libshutdown2.o(.ARM.Collect$$libshutdown$$00000004)
    .ARM.Collect$$libshutdown$$00000007      0x08000166   Section        0  libshutdown2.o(.ARM.Collect$$libshutdown$$00000007)
    .ARM.Collect$$libshutdown$$0000000A      0x08000166   Section        0  libshutdown2.o(.ARM.Collect$$libshutdown$$0000000A)
    .ARM.Collect$$libshutdown$$0000000C      0x08000166   Section        0  libshutdown2.o(.ARM.Collect$$libshutdown$$0000000C)
    .ARM.Collect$$libshutdown$$0000000F      0x08000166   Section        0  libshutdown2.o(.ARM.Collect$$libshutdown$$0000000F)
    .ARM.Collect$$libshutdown$$00000010      0x08000166   Section        2  libshutdown2.o(.ARM.Collect$$libshutdown$$00000010)
    .ARM.Collect$$rtentry$$00000000          0x08000168   Section        0  __rtentry.o(.ARM.Collect$$rtentry$$00000000)
    .ARM.Collect$$rtentry$$00000002          0x08000168   Section        0  __rtentry2.o(.ARM.Collect$$rtentry$$00000002)
    .ARM.Collect$$rtentry$$00000004          0x08000168   Section        6  __rtentry4.o(.ARM.Collect$$rtentry$$00000004)
    .ARM.Collect$$rtentry$$00000009          0x0800016e   Section        0  __rtentry2.o(.ARM.Collect$$rtentry$$00000009)
    .ARM.Collect$$rtentry$$0000000A          0x0800016e   Section        4  __rtentry2.o(.ARM.Collect$$rtentry$$0000000A)
    .ARM.Collect$$rtentry$$0000000C          0x08000172   Section        0  __rtentry2.o(.ARM.Collect$$rtentry$$0000000C)
    .ARM.Collect$$rtentry$$0000000D          0x08000172   Section        8  __rtentry2.o(.ARM.Collect$$rtentry$$0000000D)
    .ARM.Collect$$rtexit$$00000000           0x0800017a   Section        2  rtexit.o(.ARM.Collect$$rtexit$$00000000)
    .ARM.Collect$$rtexit$$00000002           0x0800017c   Section        0  rtexit2.o(.ARM.Collect$$rtexit$$00000002)
    .ARM.Collect$$rtexit$$00000003           0x0800017c   Section        4  rtexit2.o(.ARM.Collect$$rtexit$$00000003)
    .ARM.Collect$$rtexit$$00000004           0x08000180   Section        6  rtexit2.o(.ARM.Collect$$rtexit$$00000004)
    .text                                    0x08000188   Section       64  startup_stm32f103xb.o(.text)
    .text                                    0x080001c8   Section       78  rt_memclr_w.o(.text)
    .text                                    0x08000216   Section        0  heapauxi.o(.text)
    .text                                    0x0800021c   Section       74  sys_stackheap_outer.o(.text)
    .text                                    0x08000266   Section        0  exit.o(.text)
    .text                                    0x08000278   Section        8  libspace.o(.text)
    .text                                    0x08000280   Section        0  sys_exit.o(.text)
    .text                                    0x0800028c   Section        2  use_no_semi.o(.text)
    .text                                    0x0800028e   Section        0  indicate_semi.o(.text)
    i.ADC1_2_IRQHandler                      0x08000290   Section        0  stm32f1xx_it.o(i.ADC1_2_IRQHandler)
    i.ADC_Config                             0x080002a0   Section        0  adc.o(i.ADC_Config)
    i.ADC_ConversionStop_Disable             0x08000334   Section        0  stm32f1xx_hal_adc.o(i.ADC_ConversionStop_Disable)
    i.ADC_DMAConvCplt                        0x08000386   Section        0  stm32f1xx_hal_adc.o(i.ADC_DMAConvCplt)
    i.ADC_DMAError                           0x080003d8   Section        0  stm32f1xx_hal_adc.o(i.ADC_DMAError)
    i.ADC_DMAHalfConvCplt                    0x080003f6   Section        0  stm32f1xx_hal_adc.o(i.ADC_DMAHalfConvCplt)
    i.ADC_Enable                             0x08000404   Section        0  stm32f1xx_hal_adc.o(i.ADC_Enable)
    i.BusFault_Handler                       0x08000488   Section        0  stm32f1xx_it.o(i.BusFault_Handler)
    i.DMA1_Channel1_IRQHandler               0x0800048c   Section        0  stm32f1xx_it.o(i.DMA1_Channel1_IRQHandler)
    i.DMA_SetConfig                          0x0800049c   Section        0  stm32f1xx_hal_dma.o(i.DMA_SetConfig)
    DMA_SetConfig                            0x0800049d   Thumb Code    44  stm32f1xx_hal_dma.o(i.DMA_SetConfig)
    i.DebugMon_Handler                       0x080004c8   Section        0  stm32f1xx_it.o(i.DebugMon_Handler)
    i.EXTI15_10_IRQHandler                   0x080004ca   Section        0  stm32f1xx_it.o(i.EXTI15_10_IRQHandler)
    i.HAL_ADCEx_InjectedConvCpltCallback     0x080004cc   Section        0  stm32f1xx_hal_adc_ex.o(i.HAL_ADCEx_InjectedConvCpltCallback)
    i.HAL_ADC_ConvCpltCallback               0x080004d0   Section        0  measure.o(i.HAL_ADC_ConvCpltCallback)
    i.HAL_ADC_ConvHalfCpltCallback           0x08000510   Section        0  stm32f1xx_hal_adc.o(i.HAL_ADC_ConvHalfCpltCallback)
    i.HAL_ADC_ErrorCallback                  0x08000512   Section        0  stm32f1xx_hal_adc.o(i.HAL_ADC_ErrorCallback)
    i.HAL_ADC_GetValue                       0x08000514   Section        0  stm32f1xx_hal_adc.o(i.HAL_ADC_GetValue)
    i.HAL_ADC_IRQHandler                     0x0800051c   Section        0  stm32f1xx_hal_adc.o(i.HAL_ADC_IRQHandler)
    i.HAL_ADC_Init                           0x08000640   Section        0  stm32f1xx_hal_adc.o(i.HAL_ADC_Init)
    i.HAL_ADC_LevelOutOfWindowCallback       0x080007a0   Section        0  stm32f1xx_hal_adc.o(i.HAL_ADC_LevelOutOfWindowCallback)
    i.HAL_ADC_MspInit                        0x080007a4   Section        0  init.o(i.HAL_ADC_MspInit)
    i.HAL_ADC_PollForConversion              0x0800085c   Section        0  stm32f1xx_hal_adc.o(i.HAL_ADC_PollForConversion)
    i.HAL_ADC_Start                          0x080009cc   Section        0  stm32f1xx_hal_adc.o(i.HAL_ADC_Start)
    i.HAL_ADC_Start_DMA                      0x08000afc   Section        0  stm32f1xx_hal_adc.o(i.HAL_ADC_Start_DMA)
    i.HAL_ADC_Stop_DMA                       0x08000c7c   Section        0  stm32f1xx_hal_adc.o(i.HAL_ADC_Stop_DMA)
    i.HAL_DMA_Abort                          0x08000cdc   Section        0  stm32f1xx_hal_dma.o(i.HAL_DMA_Abort)
    i.HAL_DMA_IRQHandler                     0x08000d34   Section        0  stm32f1xx_hal_dma.o(i.HAL_DMA_IRQHandler)
    i.HAL_DMA_Init                           0x080010cc   Section        0  stm32f1xx_hal_dma.o(i.HAL_DMA_Init)
    i.HAL_DMA_Start_IT                       0x08001158   Section        0  stm32f1xx_hal_dma.o(i.HAL_DMA_Start_IT)
    i.HAL_GPIO_Init                          0x080011f4   Section        0  stm32f1xx_hal_gpio.o(i.HAL_GPIO_Init)
    i.HAL_GPIO_ReadPin                       0x08001534   Section        0  stm32f1xx_hal_gpio.o(i.HAL_GPIO_ReadPin)
    i.HAL_GPIO_WritePin                      0x08001544   Section        0  stm32f1xx_hal_gpio.o(i.HAL_GPIO_WritePin)
    i.HAL_GetTick                            0x08001550   Section        0  stm32f1xx_hal.o(i.HAL_GetTick)
    i.HAL_IncTick                            0x0800155c   Section        0  stm32f1xx_hal.o(i.HAL_IncTick)
    i.HAL_Init                               0x08001574   Section        0  stm32f1xx_hal.o(i.HAL_Init)
    i.HAL_InitTick                           0x0800159c   Section        0  stm32f1xx_hal.o(i.HAL_InitTick)
    i.HAL_MspInit                            0x080015e8   Section        0  stm32f1xx_hal_msp_template.o(i.HAL_MspInit)
    i.HAL_NVIC_EnableIRQ                     0x080015ea   Section        0  stm32f1xx_hal_cortex.o(i.HAL_NVIC_EnableIRQ)
    i.HAL_NVIC_SetPriority                   0x0800160a   Section        0  stm32f1xx_hal_cortex.o(i.HAL_NVIC_SetPriority)
    i.HAL_NVIC_SetPriorityGrouping           0x08001688   Section        0  stm32f1xx_hal_cortex.o(i.HAL_NVIC_SetPriorityGrouping)
    i.HAL_RCCEx_GetPeriphCLKFreq             0x080016b0   Section        0  stm32f1xx_hal_rcc_ex.o(i.HAL_RCCEx_GetPeriphCLKFreq)
    i.HAL_RCC_GetHCLKFreq                    0x080017e4   Section        0  stm32f1xx_hal_rcc.o(i.HAL_RCC_GetHCLKFreq)
    i.HAL_RCC_GetPCLK2Freq                   0x080017f0   Section        0  stm32f1xx_hal_rcc.o(i.HAL_RCC_GetPCLK2Freq)
    i.HAL_RCC_GetSysClockFreq                0x08001810   Section        0  stm32f1xx_hal_rcc.o(i.HAL_RCC_GetSysClockFreq)
    i.HAL_SYSTICK_Config                     0x080018a4   Section        0  stm32f1xx_hal_cortex.o(i.HAL_SYSTICK_Config)
    i.HAL_TIMEx_BreakCallback                0x080018d8   Section        0  stm32f1xx_hal_tim_ex.o(i.HAL_TIMEx_BreakCallback)
    i.HAL_TIMEx_CommutCallback               0x080018da   Section        0  stm32f1xx_hal_tim_ex.o(i.HAL_TIMEx_CommutCallback)
    i.HAL_TIM_Base_Init                      0x080018dc   Section        0  stm32f1xx_hal_tim.o(i.HAL_TIM_Base_Init)
    i.HAL_TIM_Base_MspInit                   0x08001910   Section        0  stm32f1xx_hal_msp.o(i.HAL_TIM_Base_MspInit)
    i.HAL_TIM_Base_Start_IT                  0x08001934   Section        0  stm32f1xx_hal_tim.o(i.HAL_TIM_Base_Start_IT)
    i.HAL_TIM_IC_CaptureCallback             0x08001960   Section        0  bldc.o(i.HAL_TIM_IC_CaptureCallback)
    i.HAL_TIM_IRQHandler                     0x08001a28   Section        0  stm32f1xx_hal_tim.o(i.HAL_TIM_IRQHandler)
    i.HAL_TIM_OC_DelayElapsedCallback        0x08001bbe   Section        0  stm32f1xx_hal_tim.o(i.HAL_TIM_OC_DelayElapsedCallback)
    i.HAL_TIM_PWM_ConfigChannel              0x08001bc0   Section        0  stm32f1xx_hal_tim.o(i.HAL_TIM_PWM_ConfigChannel)
    i.HAL_TIM_PWM_Init                       0x08001cc8   Section        0  stm32f1xx_hal_tim.o(i.HAL_TIM_PWM_Init)
    i.HAL_TIM_PWM_MspInit                    0x08001cfc   Section        0  init.o(i.HAL_TIM_PWM_MspInit)
    i.HAL_TIM_PWM_PulseFinishedCallback      0x08001d88   Section        0  stm32f1xx_hal_tim.o(i.HAL_TIM_PWM_PulseFinishedCallback)
    i.HAL_TIM_PWM_Start                      0x08001d8c   Section        0  stm32f1xx_hal_tim.o(i.HAL_TIM_PWM_Start)
    i.HAL_TIM_PeriodElapsedCallback          0x08001de4   Section        0  bldc.o(i.HAL_TIM_PeriodElapsedCallback)
    i.HAL_TIM_ReadCapturedValue              0x08001e74   Section        0  stm32f1xx_hal_tim.o(i.HAL_TIM_ReadCapturedValue)
    i.HAL_TIM_TriggerCallback                0x08001ea6   Section        0  stm32f1xx_hal_tim.o(i.HAL_TIM_TriggerCallback)
    i.H_sensor_init                          0x08001ea8   Section        0  init.o(i.H_sensor_init)
    i.HardFault_Handler                      0x08001eec   Section        0  stm32f1xx_it.o(i.HardFault_Handler)
    i.Is_Forward                             0x08001ef0   Section        0  bldc.o(i.Is_Forward)
    i.MemManage_Handler                      0x08001f30   Section        0  stm32f1xx_it.o(i.MemManage_Handler)
    i.NMI_Handler                            0x08001f34   Section        0  stm32f1xx_it.o(i.NMI_Handler)
    i.PendSV_Handler                         0x08001f36   Section        0  stm32f1xx_it.o(i.PendSV_Handler)
    i.Read_ADC                               0x08001f38   Section        0  adc.o(i.Read_ADC)
    i.SVC_Handler                            0x08001f58   Section        0  stm32f1xx_it.o(i.SVC_Handler)
    i.Stop_Start_Init                        0x08001f5c   Section        0  init.o(i.Stop_Start_Init)
    i.SysTick_Handler                        0x08001fa0   Section        0  stm32f1xx_it.o(i.SysTick_Handler)
    i.SystemInit                             0x08001fa8   Section        0  system_stm32f1xx.o(i.SystemInit)
    i.TIM2_IRQHandler                        0x08002000   Section        0  stm32f1xx_it.o(i.TIM2_IRQHandler)
    i.TIM3_IRQHandler                        0x08002010   Section        0  stm32f1xx_it.o(i.TIM3_IRQHandler)
    i.TIM_Base_SetConfig                     0x08002020   Section        0  stm32f1xx_hal_tim.o(i.TIM_Base_SetConfig)
    i.TIM_CCxChannelCmd                      0x080020bc   Section        0  stm32f1xx_hal_tim.o(i.TIM_CCxChannelCmd)
    i.TIM_Init                               0x080020e0   Section        0  init.o(i.TIM_Init)
    i.TIM_OC1_SetConfig                      0x08002110   Section        0  stm32f1xx_hal_tim.o(i.TIM_OC1_SetConfig)
    TIM_OC1_SetConfig                        0x08002111   Thumb Code   104  stm32f1xx_hal_tim.o(i.TIM_OC1_SetConfig)
    i.TIM_OC2_SetConfig                      0x08002180   Section        0  stm32f1xx_hal_tim.o(i.TIM_OC2_SetConfig)
    i.TIM_OC3_SetConfig                      0x080021fc   Section        0  stm32f1xx_hal_tim.o(i.TIM_OC3_SetConfig)
    TIM_OC3_SetConfig                        0x080021fd   Thumb Code   112  stm32f1xx_hal_tim.o(i.TIM_OC3_SetConfig)
    i.TIM_OC4_SetConfig                      0x08002274   Section        0  stm32f1xx_hal_tim.o(i.TIM_OC4_SetConfig)
    TIM_OC4_SetConfig                        0x08002275   Thumb Code    74  stm32f1xx_hal_tim.o(i.TIM_OC4_SetConfig)
    i.UsageFault_Handler                     0x080022c8   Section        0  stm32f1xx_it.o(i.UsageFault_Handler)
    i.__NVIC_GetPriorityGrouping             0x080022cc   Section        0  stm32f1xx_hal_cortex.o(i.__NVIC_GetPriorityGrouping)
    __NVIC_GetPriorityGrouping               0x080022cd   Thumb Code    10  stm32f1xx_hal_cortex.o(i.__NVIC_GetPriorityGrouping)
    i.__NVIC_SetPriority                     0x080022dc   Section        0  stm32f1xx_hal_cortex.o(i.__NVIC_SetPriority)
    __NVIC_SetPriority                       0x080022dd   Thumb Code    32  stm32f1xx_hal_cortex.o(i.__NVIC_SetPriority)
    i.adc_ave_filter                         0x08002304   Section        0  measure.o(i.adc_ave_filter)
    i.adc_offset                             0x08002360   Section        0  measure.o(i.adc_offset)
    i.h_bridge_init                          0x080023b8   Section        0  init.o(i.h_bridge_init)
    i.hallsensor                             0x08002440   Section        0  bldc.o(i.hallsensor)
    i.l_bridge_init                          0x0800247c   Section        0  init.o(i.l_bridge_init)
    i.main                                   0x080024c0   Section        0  main.o(i.main)
    i.sys_init                               0x080024e8   Section        0  init.o(i.sys_init)
    i.uhvl                                   0x08002504   Section        0  bldc.o(i.uhvl)
    i.uhwl                                   0x0800254c   Section        0  bldc.o(i.uhwl)
    i.vhul                                   0x08002594   Section        0  bldc.o(i.vhul)
    i.vhwl                                   0x080025dc   Section        0  bldc.o(i.vhwl)
    i.whul                                   0x08002624   Section        0  bldc.o(i.whul)
    i.whvl                                   0x0800266c   Section        0  bldc.o(i.whvl)
    .constdata                               0x080026b4   Section       24  system_stm32f1xx.o(.constdata)
    .data                                    0x20000000   Section        4  system_stm32f1xx.o(.data)
    .data                                    0x20000004   Section        9  stm32f1xx_hal.o(.data)
    .data                                    0x20000010   Section       50  bldc.o(.data)
    .data                                    0x20000048   Section       32  motor_ctrl.o(.data)
    .data                                    0x20000068   Section        6  measure.o(.data)
    .bss                                     0x20000070   Section      324  init.o(.bss)
    .bss                                     0x200001b4   Section      510  measure.o(.bss)
    .bss                                     0x200003b4   Section       48  adc.o(.bss)
    .bss                                     0x200003e4   Section       96  libspace.o(.bss)
    HEAP                                     0x20000448   Section      512  startup_stm32f103xb.o(HEAP)
    Heap_Mem                                 0x20000448   Data         512  startup_stm32f103xb.o(HEAP)
    STACK                                    0x20000648   Section     1024  startup_stm32f103xb.o(STACK)
    Stack_Mem                                0x20000648   Data        1024  startup_stm32f103xb.o(STACK)
    __initial_sp                             0x20000a48   Data           0  startup_stm32f103xb.o(STACK)

    Global Symbols

    Symbol Name                              Value     Ov Type        Size  Object(Section)

    BuildAttributes$$THM_ISAv4$P$D$K$B$S$PE$A:L22UL41UL21$X:L11$S22US41US21$IEEE1$IW$USESV6$~STKCKD$USESV7$~SHL$OSPACE$ROPI$EBA8$UX$STANDARDLIB$REQ8$PRES8$EABIv2 0x00000000   Number         0  anon$$obj.o ABSOLUTE
    __ARM_use_no_argv                        0x00000000   Number         0  main.o ABSOLUTE
    __ARM_exceptions_init                     - Undefined Weak Reference
    __alloca_initialize                       - Undefined Weak Reference
    __arm_preinit_                            - Undefined Weak Reference
    __cpp_initialize__aeabi_                  - Undefined Weak Reference
    __cxa_finalize                            - Undefined Weak Reference
    __rt_locale                               - Undefined Weak Reference
    __sigvec_lookup                           - Undefined Weak Reference
    _atexit_init                              - Undefined Weak Reference
    _call_atexit_fns                          - Undefined Weak Reference
    _clock_init                               - Undefined Weak Reference
    _fp_trap_init                             - Undefined Weak Reference
    _fp_trap_shutdown                         - Undefined Weak Reference
    _get_lc_collate                           - Undefined Weak Reference
    _get_lc_ctype                             - Undefined Weak Reference
    _get_lc_monetary                          - Undefined Weak Reference
    _get_lc_numeric                           - Undefined Weak Reference
    _get_lc_time                              - Undefined Weak Reference
    _getenv_init                              - Undefined Weak Reference
    _handle_redirection                       - Undefined Weak Reference
    _init_alloc                               - Undefined Weak Reference
    _init_user_alloc                          - Undefined Weak Reference
    _initio                                   - Undefined Weak Reference
    _rand_init                                - Undefined Weak Reference
    _signal_finish                            - Undefined Weak Reference
    _signal_init                              - Undefined Weak Reference
    _terminate_alloc                          - Undefined Weak Reference
    _terminate_user_alloc                     - Undefined Weak Reference
    _terminateio                              - Undefined Weak Reference
    __Vectors_Size                           0x000000ec   Number         0  startup_stm32f103xb.o ABSOLUTE
    __Vectors                                0x08000000   Data           4  startup_stm32f103xb.o(RESET)
    __Vectors_End                            0x080000ec   Data           0  startup_stm32f103xb.o(RESET)
    __main                                   0x080000ed   Thumb Code     8  __main.o(!!!main)
    __scatterload                            0x080000f5   Thumb Code     0  __scatter.o(!!!scatter)
    __scatterload_rt2                        0x080000f5   Thumb Code    44  __scatter.o(!!!scatter)
    __scatterload_rt2_thumb_only             0x080000f5   Thumb Code     0  __scatter.o(!!!scatter)
    __scatterload_null                       0x08000103   Thumb Code     0  __scatter.o(!!!scatter)
    __scatterload_copy                       0x08000129   Thumb Code    26  __scatter_copy.o(!!handler_copy)
    __scatterload_zeroinit                   0x08000145   Thumb Code    28  __scatter_zi.o(!!handler_zi)
    __rt_lib_init                            0x08000161   Thumb Code     0  libinit.o(.ARM.Collect$$libinit$$00000000)
    __rt_lib_init_alloca_1                   0x08000163   Thumb Code     0  libinit2.o(.ARM.Collect$$libinit$$0000002E)
    __rt_lib_init_argv_1                     0x08000163   Thumb Code     0  libinit2.o(.ARM.Collect$$libinit$$0000002C)
    __rt_lib_init_atexit_1                   0x08000163   Thumb Code     0  libinit2.o(.ARM.Collect$$libinit$$0000001B)
    __rt_lib_init_clock_1                    0x08000163   Thumb Code     0  libinit2.o(.ARM.Collect$$libinit$$00000021)
    __rt_lib_init_cpp_1                      0x08000163   Thumb Code     0  libinit2.o(.ARM.Collect$$libinit$$00000032)
    __rt_lib_init_exceptions_1               0x08000163   Thumb Code     0  libinit2.o(.ARM.Collect$$libinit$$00000030)
    __rt_lib_init_fp_1                       0x08000163   Thumb Code     0  libinit2.o(.ARM.Collect$$libinit$$00000002)
    __rt_lib_init_fp_trap_1                  0x08000163   Thumb Code     0  libinit2.o(.ARM.Collect$$libinit$$0000001F)
    __rt_lib_init_getenv_1                   0x08000163   Thumb Code     0  libinit2.o(.ARM.Collect$$libinit$$00000023)
    __rt_lib_init_heap_1                     0x08000163   Thumb Code     0  libinit2.o(.ARM.Collect$$libinit$$0000000A)
    __rt_lib_init_lc_collate_1               0x08000163   Thumb Code     0  libinit2.o(.ARM.Collect$$libinit$$00000011)
    __rt_lib_init_lc_ctype_1                 0x08000163   Thumb Code     0  libinit2.o(.ARM.Collect$$libinit$$00000013)
    __rt_lib_init_lc_monetary_1              0x08000163   Thumb Code     0  libinit2.o(.ARM.Collect$$libinit$$00000015)
    __rt_lib_init_lc_numeric_1               0x08000163   Thumb Code     0  libinit2.o(.ARM.Collect$$libinit$$00000017)
    __rt_lib_init_lc_time_1                  0x08000163   Thumb Code     0  libinit2.o(.ARM.Collect$$libinit$$00000019)
    __rt_lib_init_preinit_1                  0x08000163   Thumb Code     0  libinit2.o(.ARM.Collect$$libinit$$00000004)
    __rt_lib_init_rand_1                     0x08000163   Thumb Code     0  libinit2.o(.ARM.Collect$$libinit$$0000000E)
    __rt_lib_init_return                     0x08000163   Thumb Code     0  libinit2.o(.ARM.Collect$$libinit$$00000033)
    __rt_lib_init_signal_1                   0x08000163   Thumb Code     0  libinit2.o(.ARM.Collect$$libinit$$0000001D)
    __rt_lib_init_stdio_1                    0x08000163   Thumb Code     0  libinit2.o(.ARM.Collect$$libinit$$00000025)
    __rt_lib_init_user_alloc_1               0x08000163   Thumb Code     0  libinit2.o(.ARM.Collect$$libinit$$0000000C)
    __rt_lib_shutdown                        0x08000165   Thumb Code     0  libshutdown.o(.ARM.Collect$$libshutdown$$00000000)
    __rt_lib_shutdown_cpp_1                  0x08000167   Thumb Code     0  libshutdown2.o(.ARM.Collect$$libshutdown$$00000002)
    __rt_lib_shutdown_fp_trap_1              0x08000167   Thumb Code     0  libshutdown2.o(.ARM.Collect$$libshutdown$$00000007)
    __rt_lib_shutdown_heap_1                 0x08000167   Thumb Code     0  libshutdown2.o(.ARM.Collect$$libshutdown$$0000000F)
    __rt_lib_shutdown_return                 0x08000167   Thumb Code     0  libshutdown2.o(.ARM.Collect$$libshutdown$$00000010)
    __rt_lib_shutdown_signal_1               0x08000167   Thumb Code     0  libshutdown2.o(.ARM.Collect$$libshutdown$$0000000A)
    __rt_lib_shutdown_stdio_1                0x08000167   Thumb Code     0  libshutdown2.o(.ARM.Collect$$libshutdown$$00000004)
    __rt_lib_shutdown_user_alloc_1           0x08000167   Thumb Code     0  libshutdown2.o(.ARM.Collect$$libshutdown$$0000000C)
    __rt_entry                               0x08000169   Thumb Code     0  __rtentry.o(.ARM.Collect$$rtentry$$00000000)
    __rt_entry_presh_1                       0x08000169   Thumb Code     0  __rtentry2.o(.ARM.Collect$$rtentry$$00000002)
    __rt_entry_sh                            0x08000169   Thumb Code     0  __rtentry4.o(.ARM.Collect$$rtentry$$00000004)
    __rt_entry_li                            0x0800016f   Thumb Code     0  __rtentry2.o(.ARM.Collect$$rtentry$$0000000A)
    __rt_entry_postsh_1                      0x0800016f   Thumb Code     0  __rtentry2.o(.ARM.Collect$$rtentry$$00000009)
    __rt_entry_main                          0x08000173   Thumb Code     0  __rtentry2.o(.ARM.Collect$$rtentry$$0000000D)
    __rt_entry_postli_1                      0x08000173   Thumb Code     0  __rtentry2.o(.ARM.Collect$$rtentry$$0000000C)
    __rt_exit                                0x0800017b   Thumb Code     0  rtexit.o(.ARM.Collect$$rtexit$$00000000)
    __rt_exit_ls                             0x0800017d   Thumb Code     0  rtexit2.o(.ARM.Collect$$rtexit$$00000003)
    __rt_exit_prels_1                        0x0800017d   Thumb Code     0  rtexit2.o(.ARM.Collect$$rtexit$$00000002)
    __rt_exit_exit                           0x08000181   Thumb Code     0  rtexit2.o(.ARM.Collect$$rtexit$$00000004)
    Reset_Handler                            0x08000189   Thumb Code     8  startup_stm32f103xb.o(.text)
    CAN1_RX1_IRQHandler                      0x080001a3   Thumb Code     0  startup_stm32f103xb.o(.text)
    CAN1_SCE_IRQHandler                      0x080001a3   Thumb Code     0  startup_stm32f103xb.o(.text)
    DMA1_Channel2_IRQHandler                 0x080001a3   Thumb Code     0  startup_stm32f103xb.o(.text)
    DMA1_Channel3_IRQHandler                 0x080001a3   Thumb Code     0  startup_stm32f103xb.o(.text)
    DMA1_Channel4_IRQHandler                 0x080001a3   Thumb Code     0  startup_stm32f103xb.o(.text)
    DMA1_Channel5_IRQHandler                 0x080001a3   Thumb Code     0  startup_stm32f103xb.o(.text)
    DMA1_Channel6_IRQHandler                 0x080001a3   Thumb Code     0  startup_stm32f103xb.o(.text)
    DMA1_Channel7_IRQHandler                 0x080001a3   Thumb Code     0  startup_stm32f103xb.o(.text)
    EXTI0_IRQHandler                         0x080001a3   Thumb Code     0  startup_stm32f103xb.o(.text)
    EXTI1_IRQHandler                         0x080001a3   Thumb Code     0  startup_stm32f103xb.o(.text)
    EXTI2_IRQHandler                         0x080001a3   Thumb Code     0  startup_stm32f103xb.o(.text)
    EXTI3_IRQHandler                         0x080001a3   Thumb Code     0  startup_stm32f103xb.o(.text)
    EXTI4_IRQHandler                         0x080001a3   Thumb Code     0  startup_stm32f103xb.o(.text)
    EXTI9_5_IRQHandler                       0x080001a3   Thumb Code     0  startup_stm32f103xb.o(.text)
    FLASH_IRQHandler                         0x080001a3   Thumb Code     0  startup_stm32f103xb.o(.text)
    I2C1_ER_IRQHandler                       0x080001a3   Thumb Code     0  startup_stm32f103xb.o(.text)
    I2C1_EV_IRQHandler                       0x080001a3   Thumb Code     0  startup_stm32f103xb.o(.text)
    I2C2_ER_IRQHandler                       0x080001a3   Thumb Code     0  startup_stm32f103xb.o(.text)
    I2C2_EV_IRQHandler                       0x080001a3   Thumb Code     0  startup_stm32f103xb.o(.text)
    PVD_IRQHandler                           0x080001a3   Thumb Code     0  startup_stm32f103xb.o(.text)
    RCC_IRQHandler                           0x080001a3   Thumb Code     0  startup_stm32f103xb.o(.text)
    RTC_Alarm_IRQHandler                     0x080001a3   Thumb Code     0  startup_stm32f103xb.o(.text)
    RTC_IRQHandler                           0x080001a3   Thumb Code     0  startup_stm32f103xb.o(.text)
    SPI1_IRQHandler                          0x080001a3   Thumb Code     0  startup_stm32f103xb.o(.text)
    SPI2_IRQHandler                          0x080001a3   Thumb Code     0  startup_stm32f103xb.o(.text)
    TAMPER_IRQHandler                        0x080001a3   Thumb Code     0  startup_stm32f103xb.o(.text)
    TIM1_BRK_IRQHandler                      0x080001a3   Thumb Code     0  startup_stm32f103xb.o(.text)
    TIM1_CC_IRQHandler                       0x080001a3   Thumb Code     0  startup_stm32f103xb.o(.text)
    TIM1_TRG_COM_IRQHandler                  0x080001a3   Thumb Code     0  startup_stm32f103xb.o(.text)
    TIM1_UP_IRQHandler                       0x080001a3   Thumb Code     0  startup_stm32f103xb.o(.text)
    TIM4_IRQHandler                          0x080001a3   Thumb Code     0  startup_stm32f103xb.o(.text)
    USART1_IRQHandler                        0x080001a3   Thumb Code     0  startup_stm32f103xb.o(.text)
    USART2_IRQHandler                        0x080001a3   Thumb Code     0  startup_stm32f103xb.o(.text)
    USART3_IRQHandler                        0x080001a3   Thumb Code     0  startup_stm32f103xb.o(.text)
    USBWakeUp_IRQHandler                     0x080001a3   Thumb Code     0  startup_stm32f103xb.o(.text)
    USB_HP_CAN1_TX_IRQHandler                0x080001a3   Thumb Code     0  startup_stm32f103xb.o(.text)
    USB_LP_CAN1_RX0_IRQHandler               0x080001a3   Thumb Code     0  startup_stm32f103xb.o(.text)
    WWDG_IRQHandler                          0x080001a3   Thumb Code     0  startup_stm32f103xb.o(.text)
    __user_initial_stackheap                 0x080001a5   Thumb Code     0  startup_stm32f103xb.o(.text)
    __aeabi_memclr4                          0x080001c9   Thumb Code     0  rt_memclr_w.o(.text)
    __aeabi_memclr8                          0x080001c9   Thumb Code     0  rt_memclr_w.o(.text)
    __rt_memclr_w                            0x080001c9   Thumb Code    78  rt_memclr_w.o(.text)
    _memset_w                                0x080001cd   Thumb Code     0  rt_memclr_w.o(.text)
    __use_two_region_memory                  0x08000217   Thumb Code     2  heapauxi.o(.text)
    __rt_heap_escrow$2region                 0x08000219   Thumb Code     2  heapauxi.o(.text)
    __rt_heap_expand$2region                 0x0800021b   Thumb Code     2  heapauxi.o(.text)
    __user_setup_stackheap                   0x0800021d   Thumb Code    74  sys_stackheap_outer.o(.text)
    exit                                     0x08000267   Thumb Code    18  exit.o(.text)
    __user_libspace                          0x08000279   Thumb Code     8  libspace.o(.text)
    __user_perproc_libspace                  0x08000279   Thumb Code     0  libspace.o(.text)
    __user_perthread_libspace                0x08000279   Thumb Code     0  libspace.o(.text)
    _sys_exit                                0x08000281   Thumb Code     8  sys_exit.o(.text)
    __I$use$semihosting                      0x0800028d   Thumb Code     0  use_no_semi.o(.text)
    __use_no_semihosting_swi                 0x0800028d   Thumb Code     2  use_no_semi.o(.text)
    __semihosting_library_function           0x0800028f   Thumb Code     0  indicate_semi.o(.text)
    ADC1_2_IRQHandler                        0x08000291   Thumb Code    10  stm32f1xx_it.o(i.ADC1_2_IRQHandler)
    ADC_Config                               0x080002a1   Thumb Code   130  adc.o(i.ADC_Config)
    ADC_ConversionStop_Disable               0x08000335   Thumb Code    82  stm32f1xx_hal_adc.o(i.ADC_ConversionStop_Disable)
    ADC_DMAConvCplt                          0x08000387   Thumb Code    82  stm32f1xx_hal_adc.o(i.ADC_DMAConvCplt)
    ADC_DMAError                             0x080003d9   Thumb Code    30  stm32f1xx_hal_adc.o(i.ADC_DMAError)
    ADC_DMAHalfConvCplt                      0x080003f7   Thumb Code    14  stm32f1xx_hal_adc.o(i.ADC_DMAHalfConvCplt)
    ADC_Enable                               0x08000405   Thumb Code   122  stm32f1xx_hal_adc.o(i.ADC_Enable)
    BusFault_Handler                         0x08000489   Thumb Code     4  stm32f1xx_it.o(i.BusFault_Handler)
    DMA1_Channel1_IRQHandler                 0x0800048d   Thumb Code    12  stm32f1xx_it.o(i.DMA1_Channel1_IRQHandler)
    DebugMon_Handler                         0x080004c9   Thumb Code     2  stm32f1xx_it.o(i.DebugMon_Handler)
    EXTI15_10_IRQHandler                     0x080004cb   Thumb Code     2  stm32f1xx_it.o(i.EXTI15_10_IRQHandler)
    HAL_ADCEx_InjectedConvCpltCallback       0x080004cd   Thumb Code     2  stm32f1xx_hal_adc_ex.o(i.HAL_ADCEx_InjectedConvCpltCallback)
    HAL_ADC_ConvCpltCallback                 0x080004d1   Thumb Code    46  measure.o(i.HAL_ADC_ConvCpltCallback)
    HAL_ADC_ConvHalfCpltCallback             0x08000511   Thumb Code     2  stm32f1xx_hal_adc.o(i.HAL_ADC_ConvHalfCpltCallback)
    HAL_ADC_ErrorCallback                    0x08000513   Thumb Code     2  stm32f1xx_hal_adc.o(i.HAL_ADC_ErrorCallback)
    HAL_ADC_GetValue                         0x08000515   Thumb Code     8  stm32f1xx_hal_adc.o(i.HAL_ADC_GetValue)
    HAL_ADC_IRQHandler                       0x0800051d   Thumb Code   290  stm32f1xx_hal_adc.o(i.HAL_ADC_IRQHandler)
    HAL_ADC_Init                             0x08000641   Thumb Code   340  stm32f1xx_hal_adc.o(i.HAL_ADC_Init)
    HAL_ADC_LevelOutOfWindowCallback         0x080007a1   Thumb Code     2  stm32f1xx_hal_adc.o(i.HAL_ADC_LevelOutOfWindowCallback)
    HAL_ADC_MspInit                          0x080007a5   Thumb Code   168  init.o(i.HAL_ADC_MspInit)
    HAL_ADC_PollForConversion                0x0800085d   Thumb Code   350  stm32f1xx_hal_adc.o(i.HAL_ADC_PollForConversion)
    HAL_ADC_Start                            0x080009cd   Thumb Code   294  stm32f1xx_hal_adc.o(i.HAL_ADC_Start)
    HAL_ADC_Start_DMA                        0x08000afd   Thumb Code   362  stm32f1xx_hal_adc.o(i.HAL_ADC_Start_DMA)
    HAL_ADC_Stop_DMA                         0x08000c7d   Thumb Code    96  stm32f1xx_hal_adc.o(i.HAL_ADC_Stop_DMA)
    HAL_DMA_Abort                            0x08000cdd   Thumb Code    86  stm32f1xx_hal_dma.o(i.HAL_DMA_Abort)
    HAL_DMA_IRQHandler                       0x08000d35   Thumb Code   910  stm32f1xx_hal_dma.o(i.HAL_DMA_IRQHandler)
    HAL_DMA_Init                             0x080010cd   Thumb Code   132  stm32f1xx_hal_dma.o(i.HAL_DMA_Init)
    HAL_DMA_Start_IT                         0x08001159   Thumb Code   156  stm32f1xx_hal_dma.o(i.HAL_DMA_Start_IT)
    HAL_GPIO_Init                            0x080011f5   Thumb Code   792  stm32f1xx_hal_gpio.o(i.HAL_GPIO_Init)
    HAL_GPIO_ReadPin                         0x08001535   Thumb Code    16  stm32f1xx_hal_gpio.o(i.HAL_GPIO_ReadPin)
    HAL_GPIO_WritePin                        0x08001545   Thumb Code    12  stm32f1xx_hal_gpio.o(i.HAL_GPIO_WritePin)
    HAL_GetTick                              0x08001551   Thumb Code     6  stm32f1xx_hal.o(i.HAL_GetTick)
    HAL_IncTick                              0x0800155d   Thumb Code    16  stm32f1xx_hal.o(i.HAL_IncTick)
    HAL_Init                                 0x08001575   Thumb Code    34  stm32f1xx_hal.o(i.HAL_Init)
    HAL_InitTick                             0x0800159d   Thumb Code    64  stm32f1xx_hal.o(i.HAL_InitTick)
    HAL_MspInit                              0x080015e9   Thumb Code     2  stm32f1xx_hal_msp_template.o(i.HAL_MspInit)
    HAL_NVIC_EnableIRQ                       0x080015eb   Thumb Code    32  stm32f1xx_hal_cortex.o(i.HAL_NVIC_EnableIRQ)
    HAL_NVIC_SetPriority                     0x0800160b   Thumb Code   124  stm32f1xx_hal_cortex.o(i.HAL_NVIC_SetPriority)
    HAL_NVIC_SetPriorityGrouping             0x08001689   Thumb Code    32  stm32f1xx_hal_cortex.o(i.HAL_NVIC_SetPriorityGrouping)
    HAL_RCCEx_GetPeriphCLKFreq               0x080016b1   Thumb Code   276  stm32f1xx_hal_rcc_ex.o(i.HAL_RCCEx_GetPeriphCLKFreq)
    HAL_RCC_GetHCLKFreq                      0x080017e5   Thumb Code     6  stm32f1xx_hal_rcc.o(i.HAL_RCC_GetHCLKFreq)
    HAL_RCC_GetPCLK2Freq                     0x080017f1   Thumb Code    22  stm32f1xx_hal_rcc.o(i.HAL_RCC_GetPCLK2Freq)
    HAL_RCC_GetSysClockFreq                  0x08001811   Thumb Code   116  stm32f1xx_hal_rcc.o(i.HAL_RCC_GetSysClockFreq)
    HAL_SYSTICK_Config                       0x080018a5   Thumb Code    52  stm32f1xx_hal_cortex.o(i.HAL_SYSTICK_Config)
    HAL_TIMEx_BreakCallback                  0x080018d9   Thumb Code     2  stm32f1xx_hal_tim_ex.o(i.HAL_TIMEx_BreakCallback)
    HAL_TIMEx_CommutCallback                 0x080018db   Thumb Code     2  stm32f1xx_hal_tim_ex.o(i.HAL_TIMEx_CommutCallback)
    HAL_TIM_Base_Init                        0x080018dd   Thumb Code    52  stm32f1xx_hal_tim.o(i.HAL_TIM_Base_Init)
    HAL_TIM_Base_MspInit                     0x08001911   Thumb Code    32  stm32f1xx_hal_msp.o(i.HAL_TIM_Base_MspInit)
    HAL_TIM_Base_Start_IT                    0x08001935   Thumb Code    42  stm32f1xx_hal_tim.o(i.HAL_TIM_Base_Start_IT)
    HAL_TIM_IC_CaptureCallback               0x08001961   Thumb Code   176  bldc.o(i.HAL_TIM_IC_CaptureCallback)
    HAL_TIM_IRQHandler                       0x08001a29   Thumb Code   406  stm32f1xx_hal_tim.o(i.HAL_TIM_IRQHandler)
    HAL_TIM_OC_DelayElapsedCallback          0x08001bbf   Thumb Code     2  stm32f1xx_hal_tim.o(i.HAL_TIM_OC_DelayElapsedCallback)
    HAL_TIM_PWM_ConfigChannel                0x08001bc1   Thumb Code   264  stm32f1xx_hal_tim.o(i.HAL_TIM_PWM_ConfigChannel)
    HAL_TIM_PWM_Init                         0x08001cc9   Thumb Code    52  stm32f1xx_hal_tim.o(i.HAL_TIM_PWM_Init)
    HAL_TIM_PWM_MspInit                      0x08001cfd   Thumb Code   122  init.o(i.HAL_TIM_PWM_MspInit)
    HAL_TIM_PWM_PulseFinishedCallback        0x08001d89   Thumb Code     2  stm32f1xx_hal_tim.o(i.HAL_TIM_PWM_PulseFinishedCallback)
    HAL_TIM_PWM_Start                        0x08001d8d   Thumb Code    80  stm32f1xx_hal_tim.o(i.HAL_TIM_PWM_Start)
    HAL_TIM_PeriodElapsedCallback            0x08001de5   Thumb Code   124  bldc.o(i.HAL_TIM_PeriodElapsedCallback)
    HAL_TIM_ReadCapturedValue                0x08001e75   Thumb Code    50  stm32f1xx_hal_tim.o(i.HAL_TIM_ReadCapturedValue)
    HAL_TIM_TriggerCallback                  0x08001ea7   Thumb Code     2  stm32f1xx_hal_tim.o(i.HAL_TIM_TriggerCallback)
    H_sensor_init                            0x08001ea9   Thumb Code    58  init.o(i.H_sensor_init)
    HardFault_Handler                        0x08001eed   Thumb Code     4  stm32f1xx_it.o(i.HardFault_Handler)
    Is_Forward                               0x08001ef1   Thumb Code    50  bldc.o(i.Is_Forward)
    MemManage_Handler                        0x08001f31   Thumb Code     4  stm32f1xx_it.o(i.MemManage_Handler)
    NMI_Handler                              0x08001f35   Thumb Code     2  stm32f1xx_it.o(i.NMI_Handler)
    PendSV_Handler                           0x08001f37   Thumb Code     2  stm32f1xx_it.o(i.PendSV_Handler)
    Read_ADC                                 0x08001f39   Thumb Code    28  adc.o(i.Read_ADC)
    SVC_Handler                              0x08001f59   Thumb Code     2  stm32f1xx_it.o(i.SVC_Handler)
    Stop_Start_Init                          0x08001f5d   Thumb Code    60  init.o(i.Stop_Start_Init)
    SysTick_Handler                          0x08001fa1   Thumb Code     8  stm32f1xx_it.o(i.SysTick_Handler)
    SystemInit                               0x08001fa9   Thumb Code    70  system_stm32f1xx.o(i.SystemInit)
    TIM2_IRQHandler                          0x08002001   Thumb Code    10  stm32f1xx_it.o(i.TIM2_IRQHandler)
    TIM3_IRQHandler                          0x08002011   Thumb Code    10  stm32f1xx_it.o(i.TIM3_IRQHandler)
    TIM_Base_SetConfig                       0x08002021   Thumb Code   134  stm32f1xx_hal_tim.o(i.TIM_Base_SetConfig)
    TIM_CCxChannelCmd                        0x080020bd   Thumb Code    34  stm32f1xx_hal_tim.o(i.TIM_CCxChannelCmd)
    TIM_Init                                 0x080020e1   Thumb Code    42  init.o(i.TIM_Init)
    TIM_OC2_SetConfig                        0x08002181   Thumb Code   114  stm32f1xx_hal_tim.o(i.TIM_OC2_SetConfig)
    UsageFault_Handler                       0x080022c9   Thumb Code     4  stm32f1xx_it.o(i.UsageFault_Handler)
    adc_ave_filter                           0x08002305   Thumb Code    82  measure.o(i.adc_ave_filter)
    adc_offset                               0x08002361   Thumb Code    78  measure.o(i.adc_offset)
    h_bridge_init                            0x080023b9   Thumb Code   116  init.o(i.h_bridge_init)
    hallsensor                               0x08002441   Thumb Code    56  bldc.o(i.hallsensor)
    l_bridge_init                            0x0800247d   Thumb Code    60  init.o(i.l_bridge_init)
    main                                     0x080024c1   Thumb Code    34  main.o(i.main)
    sys_init                                 0x080024e9   Thumb Code    28  init.o(i.sys_init)
    uhvl                                     0x08002505   Thumb Code    58  bldc.o(i.uhvl)
    uhwl                                     0x0800254d   Thumb Code    58  bldc.o(i.uhwl)
    vhul                                     0x08002595   Thumb Code    60  bldc.o(i.vhul)
    vhwl                                     0x080025dd   Thumb Code    60  bldc.o(i.vhwl)
    whul                                     0x08002625   Thumb Code    58  bldc.o(i.whul)
    whvl                                     0x0800266d   Thumb Code    58  bldc.o(i.whvl)
    AHBPrescTable                            0x080026b4   Data          16  system_stm32f1xx.o(.constdata)
    APBPrescTable                            0x080026c4   Data           8  system_stm32f1xx.o(.constdata)
    Region$$Table$$Base                      0x080026cc   Number         0  anon$$obj.o(Region$$Table)
    Region$$Table$$Limit                     0x080026ec   Number         0  anon$$obj.o(Region$$Table)
    SystemCoreClock                          0x20000000   Data           4  system_stm32f1xx.o(.data)
    uwTick                                   0x20000004   Data           4  stm32f1xx_hal.o(.data)
    uwTickPrio                               0x20000008   Data           4  stm32f1xx_hal.o(.data)
    uwTickFreq                               0x2000000c   Data           1  stm32f1xx_hal.o(.data)
    motor                                    0x20000010   Data           6  bldc.o(.data)
    basic_ctrl                               0x20000018   Data          24  bldc.o(.data)
    forward                                  0x20000030   Data           6  bldc.o(.data)
    backward                                 0x20000036   Data           6  bldc.o(.data)
    idx_f                                    0x2000003c   Data           6  bldc.o(.data)
    counter                                  0x20000048   Data           2  motor_ctrl.o(.data)
    start_cnt                                0x2000004a   Data           1  motor_ctrl.o(.data)
    normal_cnt                               0x2000004c   Data           4  motor_ctrl.o(.data)
    speed_actual                             0x20000050   Data           4  motor_ctrl.o(.data)
    target_speed                             0x20000054   Data           4  motor_ctrl.o(.data)
    encoder_num                              0x20000058   Data           8  motor_ctrl.o(.data)
    rpm                                      0x20000060   Data           4  motor_ctrl.o(.data)
    target_rpm                               0x20000064   Data           4  motor_ctrl.o(.data)
    phase_offset                             0x20000068   Data           6  measure.o(.data)
    TIM1_Handler                             0x20000070   Data          64  init.o(.bss)
    TIM2_Handler                             0x200000b0   Data          64  init.o(.bss)
    TIM1_CH1Handler                          0x200000f0   Data          28  init.o(.bss)
    TIM1_CH2Handler                          0x2000010c   Data          28  init.o(.bss)
    TIM1_CH3Handler                          0x20000128   Data          28  init.o(.bss)
    htim3                                    0x20000144   Data          64  init.o(.bss)
    AdcHandle                                0x20000184   Data          48  init.o(.bss)
    g_adc_raw                                0x200001b4   Data         500  measure.o(.bss)
    g_adc_ave                                0x200003a8   Data          10  measure.o(.bss)
    hadc                                     0x200003b4   Data          48  adc.o(.bss)
    __libspace_start                         0x200003e4   Data          96  libspace.o(.bss)
    __temporary_stack_top$libspace           0x20000444   Data           0  libspace.o(.bss)



==============================================================================

Memory Map of the image

  Image Entry point : 0x080000ed

  Load Region LR_IROM1 (Base: 0x08000000, Size: 0x0000275c, Max: 0x00010000, ABSOLUTE)

    Execution Region ER_IROM1 (Exec base: 0x08000000, Load base: 0x08000000, Size: 0x000026ec, Max: 0x00010000, ABSOLUTE)

    Exec Addr    Load Addr    Size         Type   Attr      Idx    E Section Name        Object

    0x08000000   0x08000000   0x000000ec   Data   RO         3309    RESET               startup_stm32f103xb.o
    0x080000ec   0x080000ec   0x00000008   Code   RO         3736  * !!!main             c_w.l(__main.o)
    0x080000f4   0x080000f4   0x00000034   Code   RO         3970    !!!scatter          c_w.l(__scatter.o)
    0x08000128   0x08000128   0x0000001a   Code   RO         3972    !!handler_copy      c_w.l(__scatter_copy.o)
    0x08000142   0x08000142   0x00000002   PAD
    0x08000144   0x08000144   0x0000001c   Code   RO         3974    !!handler_zi        c_w.l(__scatter_zi.o)
    0x08000160   0x08000160   0x00000002   Code   RO         3836    .ARM.Collect$$libinit$$00000000  c_w.l(libinit.o)
    0x08000162   0x08000162   0x00000000   Code   RO         3847    .ARM.Collect$$libinit$$00000002  c_w.l(libinit2.o)
    0x08000162   0x08000162   0x00000000   Code   RO         3849    .ARM.Collect$$libinit$$00000004  c_w.l(libinit2.o)
    0x08000162   0x08000162   0x00000000   Code   RO         3852    .ARM.Collect$$libinit$$0000000A  c_w.l(libinit2.o)
    0x08000162   0x08000162   0x00000000   Code   RO         3854    .ARM.Collect$$libinit$$0000000C  c_w.l(libinit2.o)
    0x08000162   0x08000162   0x00000000   Code   RO         3856    .ARM.Collect$$libinit$$0000000E  c_w.l(libinit2.o)
    0x08000162   0x08000162   0x00000000   Code   RO         3859    .ARM.Collect$$libinit$$00000011  c_w.l(libinit2.o)
    0x08000162   0x08000162   0x00000000   Code   RO         3861    .ARM.Collect$$libinit$$00000013  c_w.l(libinit2.o)
    0x08000162   0x08000162   0x00000000   Code   RO         3863    .ARM.Collect$$libinit$$00000015  c_w.l(libinit2.o)
    0x08000162   0x08000162   0x00000000   Code   RO         3865    .ARM.Collect$$libinit$$00000017  c_w.l(libinit2.o)
    0x08000162   0x08000162   0x00000000   Code   RO         3867    .ARM.Collect$$libinit$$00000019  c_w.l(libinit2.o)
    0x08000162   0x08000162   0x00000000   Code   RO         3869    .ARM.Collect$$libinit$$0000001B  c_w.l(libinit2.o)
    0x08000162   0x08000162   0x00000000   Code   RO         3871    .ARM.Collect$$libinit$$0000001D  c_w.l(libinit2.o)
    0x08000162   0x08000162   0x00000000   Code   RO         3873    .ARM.Collect$$libinit$$0000001F  c_w.l(libinit2.o)
    0x08000162   0x08000162   0x00000000   Code   RO         3875    .ARM.Collect$$libinit$$00000021  c_w.l(libinit2.o)
    0x08000162   0x08000162   0x00000000   Code   RO         3877    .ARM.Collect$$libinit$$00000023  c_w.l(libinit2.o)
    0x08000162   0x08000162   0x00000000   Code   RO         3879    .ARM.Collect$$libinit$$00000025  c_w.l(libinit2.o)
    0x08000162   0x08000162   0x00000000   Code   RO         3883    .ARM.Collect$$libinit$$0000002C  c_w.l(libinit2.o)
    0x08000162   0x08000162   0x00000000   Code   RO         3885    .ARM.Collect$$libinit$$0000002E  c_w.l(libinit2.o)
    0x08000162   0x08000162   0x00000000   Code   RO         3887    .ARM.Collect$$libinit$$00000030  c_w.l(libinit2.o)
    0x08000162   0x08000162   0x00000000   Code   RO         3889    .ARM.Collect$$libinit$$00000032  c_w.l(libinit2.o)
    0x08000162   0x08000162   0x00000002   Code   RO         3890    .ARM.Collect$$libinit$$00000033  c_w.l(libinit2.o)
    0x08000164   0x08000164   0x00000002   Code   RO         3920    .ARM.Collect$$libshutdown$$00000000  c_w.l(libshutdown.o)
    0x08000166   0x08000166   0x00000000   Code   RO         3937    .ARM.Collect$$libshutdown$$00000002  c_w.l(libshutdown2.o)
    0x08000166   0x08000166   0x00000000   Code   RO         3939    .ARM.Collect$$libshutdown$$00000004  c_w.l(libshutdown2.o)
    0x08000166   0x08000166   0x00000000   Code   RO         3942    .ARM.Collect$$libshutdown$$00000007  c_w.l(libshutdown2.o)
    0x08000166   0x08000166   0x00000000   Code   RO         3945    .ARM.Collect$$libshutdown$$0000000A  c_w.l(libshutdown2.o)
    0x08000166   0x08000166   0x00000000   Code   RO         3947    .ARM.Collect$$libshutdown$$0000000C  c_w.l(libshutdown2.o)
    0x08000166   0x08000166   0x00000000   Code   RO         3950    .ARM.Collect$$libshutdown$$0000000F  c_w.l(libshutdown2.o)
    0x08000166   0x08000166   0x00000002   Code   RO         3951    .ARM.Collect$$libshutdown$$00000010  c_w.l(libshutdown2.o)
    0x08000168   0x08000168   0x00000000   Code   RO         3792    .ARM.Collect$$rtentry$$00000000  c_w.l(__rtentry.o)
    0x08000168   0x08000168   0x00000000   Code   RO         3807    .ARM.Collect$$rtentry$$00000002  c_w.l(__rtentry2.o)
    0x08000168   0x08000168   0x00000006   Code   RO         3819    .ARM.Collect$$rtentry$$00000004  c_w.l(__rtentry4.o)
    0x0800016e   0x0800016e   0x00000000   Code   RO         3809    .ARM.Collect$$rtentry$$00000009  c_w.l(__rtentry2.o)
    0x0800016e   0x0800016e   0x00000004   Code   RO         3810    .ARM.Collect$$rtentry$$0000000A  c_w.l(__rtentry2.o)
    0x08000172   0x08000172   0x00000000   Code   RO         3812    .ARM.Collect$$rtentry$$0000000C  c_w.l(__rtentry2.o)
    0x08000172   0x08000172   0x00000008   Code   RO         3813    .ARM.Collect$$rtentry$$0000000D  c_w.l(__rtentry2.o)
    0x0800017a   0x0800017a   0x00000002   Code   RO         3840    .ARM.Collect$$rtexit$$00000000  c_w.l(rtexit.o)
    0x0800017c   0x0800017c   0x00000000   Code   RO         3892    .ARM.Collect$$rtexit$$00000002  c_w.l(rtexit2.o)
    0x0800017c   0x0800017c   0x00000004   Code   RO         3893    .ARM.Collect$$rtexit$$00000003  c_w.l(rtexit2.o)
    0x08000180   0x08000180   0x00000006   Code   RO         3894    .ARM.Collect$$rtexit$$00000004  c_w.l(rtexit2.o)
    0x08000186   0x08000186   0x00000002   PAD
    0x08000188   0x08000188   0x00000040   Code   RO         3310    .text               startup_stm32f103xb.o
    0x080001c8   0x080001c8   0x0000004e   Code   RO         3732    .text               c_w.l(rt_memclr_w.o)
    0x08000216   0x08000216   0x00000006   Code   RO         3734    .text               c_w.l(heapauxi.o)
    0x0800021c   0x0800021c   0x0000004a   Code   RO         3825    .text               c_w.l(sys_stackheap_outer.o)
    0x08000266   0x08000266   0x00000012   Code   RO         3829    .text               c_w.l(exit.o)
    0x08000278   0x08000278   0x00000008   Code   RO         3837    .text               c_w.l(libspace.o)
    0x08000280   0x08000280   0x0000000c   Code   RO         3908    .text               c_w.l(sys_exit.o)
    0x0800028c   0x0800028c   0x00000002   Code   RO         3925    .text               c_w.l(use_no_semi.o)
    0x0800028e   0x0800028e   0x00000000   Code   RO         3927    .text               c_w.l(indicate_semi.o)
    0x0800028e   0x0800028e   0x00000002   PAD
    0x08000290   0x08000290   0x00000010   Code   RO          179    i.ADC1_2_IRQHandler  stm32f1xx_it.o
    0x080002a0   0x080002a0   0x00000094   Code   RO         3696    i.ADC_Config        adc.o
    0x08000334   0x08000334   0x00000052   Code   RO          496    i.ADC_ConversionStop_Disable  stm32f1xx_hal_adc.o
    0x08000386   0x08000386   0x00000052   Code   RO          497    i.ADC_DMAConvCplt   stm32f1xx_hal_adc.o
    0x080003d8   0x080003d8   0x0000001e   Code   RO          498    i.ADC_DMAError      stm32f1xx_hal_adc.o
    0x080003f6   0x080003f6   0x0000000e   Code   RO          499    i.ADC_DMAHalfConvCplt  stm32f1xx_hal_adc.o
    0x08000404   0x08000404   0x00000084   Code   RO          500    i.ADC_Enable        stm32f1xx_hal_adc.o
    0x08000488   0x08000488   0x00000004   Code   RO          180    i.BusFault_Handler  stm32f1xx_it.o
    0x0800048c   0x0800048c   0x00000010   Code   RO          181    i.DMA1_Channel1_IRQHandler  stm32f1xx_it.o
    0x0800049c   0x0800049c   0x0000002c   Code   RO         1176    i.DMA_SetConfig     stm32f1xx_hal_dma.o
    0x080004c8   0x080004c8   0x00000002   Code   RO          182    i.DebugMon_Handler  stm32f1xx_it.o
    0x080004ca   0x080004ca   0x00000002   Code   RO          183    i.EXTI15_10_IRQHandler  stm32f1xx_it.o
    0x080004cc   0x080004cc   0x00000002   Code   RO          678    i.HAL_ADCEx_InjectedConvCpltCallback  stm32f1xx_hal_adc_ex.o
    0x080004ce   0x080004ce   0x00000002   PAD
    0x080004d0   0x080004d0   0x00000040   Code   RO         3573    i.HAL_ADC_ConvCpltCallback  measure.o
    0x08000510   0x08000510   0x00000002   Code   RO          504    i.HAL_ADC_ConvHalfCpltCallback  stm32f1xx_hal_adc.o
    0x08000512   0x08000512   0x00000002   Code   RO          506    i.HAL_ADC_ErrorCallback  stm32f1xx_hal_adc.o
    0x08000514   0x08000514   0x00000008   Code   RO          509    i.HAL_ADC_GetValue  stm32f1xx_hal_adc.o
    0x0800051c   0x0800051c   0x00000122   Code   RO          510    i.HAL_ADC_IRQHandler  stm32f1xx_hal_adc.o
    0x0800063e   0x0800063e   0x00000002   PAD
    0x08000640   0x08000640   0x00000160   Code   RO          511    i.HAL_ADC_Init      stm32f1xx_hal_adc.o
    0x080007a0   0x080007a0   0x00000002   Code   RO          512    i.HAL_ADC_LevelOutOfWindowCallback  stm32f1xx_hal_adc.o
    0x080007a2   0x080007a2   0x00000002   PAD
    0x080007a4   0x080007a4   0x000000b8   Code   RO         3318    i.HAL_ADC_MspInit   init.o
    0x0800085c   0x0800085c   0x00000170   Code   RO          515    i.HAL_ADC_PollForConversion  stm32f1xx_hal_adc.o
    0x080009cc   0x080009cc   0x00000130   Code   RO          517    i.HAL_ADC_Start     stm32f1xx_hal_adc.o
    0x08000afc   0x08000afc   0x00000180   Code   RO          518    i.HAL_ADC_Start_DMA  stm32f1xx_hal_adc.o
    0x08000c7c   0x08000c7c   0x00000060   Code   RO          521    i.HAL_ADC_Stop_DMA  stm32f1xx_hal_adc.o
    0x08000cdc   0x08000cdc   0x00000056   Code   RO         1177    i.HAL_DMA_Abort     stm32f1xx_hal_dma.o
    0x08000d32   0x08000d32   0x00000002   PAD
    0x08000d34   0x08000d34   0x00000398   Code   RO         1182    i.HAL_DMA_IRQHandler  stm32f1xx_hal_dma.o
    0x080010cc   0x080010cc   0x0000008c   Code   RO         1183    i.HAL_DMA_Init      stm32f1xx_hal_dma.o
    0x08001158   0x08001158   0x0000009c   Code   RO         1187    i.HAL_DMA_Start_IT  stm32f1xx_hal_dma.o
    0x080011f4   0x080011f4   0x00000340   Code   RO         1519    i.HAL_GPIO_Init     stm32f1xx_hal_gpio.o
    0x08001534   0x08001534   0x00000010   Code   RO         1521    i.HAL_GPIO_ReadPin  stm32f1xx_hal_gpio.o
    0x08001544   0x08001544   0x0000000c   Code   RO         1523    i.HAL_GPIO_WritePin  stm32f1xx_hal_gpio.o
    0x08001550   0x08001550   0x0000000c   Code   RO          333    i.HAL_GetTick       stm32f1xx_hal.o
    0x0800155c   0x0800155c   0x00000018   Code   RO          339    i.HAL_IncTick       stm32f1xx_hal.o
    0x08001574   0x08001574   0x00000028   Code   RO          340    i.HAL_Init          stm32f1xx_hal.o
    0x0800159c   0x0800159c   0x0000004c   Code   RO          341    i.HAL_InitTick      stm32f1xx_hal.o
    0x080015e8   0x080015e8   0x00000002   Code   RO         1727    i.HAL_MspInit       stm32f1xx_hal_msp_template.o
    0x080015ea   0x080015ea   0x00000020   Code   RO          810    i.HAL_NVIC_EnableIRQ  stm32f1xx_hal_cortex.o
    0x0800160a   0x0800160a   0x0000007c   Code   RO          816    i.HAL_NVIC_SetPriority  stm32f1xx_hal_cortex.o
    0x08001686   0x08001686   0x00000002   PAD
    0x08001688   0x08001688   0x00000028   Code   RO          817    i.HAL_NVIC_SetPriorityGrouping  stm32f1xx_hal_cortex.o
    0x080016b0   0x080016b0   0x00000134   Code   RO         1984    i.HAL_RCCEx_GetPeriphCLKFreq  stm32f1xx_hal_rcc_ex.o
    0x080017e4   0x080017e4   0x0000000c   Code   RO         1882    i.HAL_RCC_GetHCLKFreq  stm32f1xx_hal_rcc.o
    0x080017f0   0x080017f0   0x00000020   Code   RO         1885    i.HAL_RCC_GetPCLK2Freq  stm32f1xx_hal_rcc.o
    0x08001810   0x08001810   0x00000094   Code   RO         1886    i.HAL_RCC_GetSysClockFreq  stm32f1xx_hal_rcc.o
    0x080018a4   0x080018a4   0x00000034   Code   RO          821    i.HAL_SYSTICK_Config  stm32f1xx_hal_cortex.o
    0x080018d8   0x080018d8   0x00000002   Code   RO         2815    i.HAL_TIMEx_BreakCallback  stm32f1xx_hal_tim_ex.o
    0x080018da   0x080018da   0x00000002   Code   RO         2816    i.HAL_TIMEx_CommutCallback  stm32f1xx_hal_tim_ex.o
    0x080018dc   0x080018dc   0x00000034   Code   RO         2129    i.HAL_TIM_Base_Init  stm32f1xx_hal_tim.o
    0x08001910   0x08001910   0x00000024   Code   RO          145    i.HAL_TIM_Base_MspInit  stm32f1xx_hal_msp.o
    0x08001934   0x08001934   0x0000002a   Code   RO         2134    i.HAL_TIM_Base_Start_IT  stm32f1xx_hal_tim.o
    0x0800195e   0x0800195e   0x00000002   PAD
    0x08001960   0x08001960   0x000000c8   Code   RO         3417    i.HAL_TIM_IC_CaptureCallback  bldc.o
    0x08001a28   0x08001a28   0x00000196   Code   RO         2172    i.HAL_TIM_IRQHandler  stm32f1xx_hal_tim.o
    0x08001bbe   0x08001bbe   0x00000002   Code   RO         2175    i.HAL_TIM_OC_DelayElapsedCallback  stm32f1xx_hal_tim.o
    0x08001bc0   0x08001bc0   0x00000108   Code   RO         2196    i.HAL_TIM_PWM_ConfigChannel  stm32f1xx_hal_tim.o
    0x08001cc8   0x08001cc8   0x00000034   Code   RO         2199    i.HAL_TIM_PWM_Init  stm32f1xx_hal_tim.o
    0x08001cfc   0x08001cfc   0x0000008c   Code   RO         3321    i.HAL_TIM_PWM_MspInit  init.o
    0x08001d88   0x08001d88   0x00000002   Code   RO         2202    i.HAL_TIM_PWM_PulseFinishedCallback  stm32f1xx_hal_tim.o
    0x08001d8a   0x08001d8a   0x00000002   PAD
    0x08001d8c   0x08001d8c   0x00000058   Code   RO         2204    i.HAL_TIM_PWM_Start  stm32f1xx_hal_tim.o
    0x08001de4   0x08001de4   0x00000090   Code   RO         3418    i.HAL_TIM_PeriodElapsedCallback  bldc.o
    0x08001e74   0x08001e74   0x00000032   Code   RO         2212    i.HAL_TIM_ReadCapturedValue  stm32f1xx_hal_tim.o
    0x08001ea6   0x08001ea6   0x00000002   Code   RO         2215    i.HAL_TIM_TriggerCallback  stm32f1xx_hal_tim.o
    0x08001ea8   0x08001ea8   0x00000044   Code   RO         3322    i.H_sensor_init     init.o
    0x08001eec   0x08001eec   0x00000004   Code   RO          184    i.HardFault_Handler  stm32f1xx_it.o
    0x08001ef0   0x08001ef0   0x00000040   Code   RO         3419    i.Is_Forward        bldc.o
    0x08001f30   0x08001f30   0x00000004   Code   RO          185    i.MemManage_Handler  stm32f1xx_it.o
    0x08001f34   0x08001f34   0x00000002   Code   RO          186    i.NMI_Handler       stm32f1xx_it.o
    0x08001f36   0x08001f36   0x00000002   Code   RO          187    i.PendSV_Handler    stm32f1xx_it.o
    0x08001f38   0x08001f38   0x00000020   Code   RO         3697    i.Read_ADC          adc.o
    0x08001f58   0x08001f58   0x00000002   Code   RO          188    i.SVC_Handler       stm32f1xx_it.o
    0x08001f5a   0x08001f5a   0x00000002   PAD
    0x08001f5c   0x08001f5c   0x00000044   Code   RO         3323    i.Stop_Start_Init   init.o
    0x08001fa0   0x08001fa0   0x00000008   Code   RO          189    i.SysTick_Handler   stm32f1xx_it.o
    0x08001fa8   0x08001fa8   0x00000058   Code   RO          286    i.SystemInit        system_stm32f1xx.o
    0x08002000   0x08002000   0x00000010   Code   RO          190    i.TIM2_IRQHandler   stm32f1xx_it.o
    0x08002010   0x08002010   0x00000010   Code   RO          191    i.TIM3_IRQHandler   stm32f1xx_it.o
    0x08002020   0x08002020   0x0000009c   Code   RO         2217    i.TIM_Base_SetConfig  stm32f1xx_hal_tim.o
    0x080020bc   0x080020bc   0x00000022   Code   RO         2218    i.TIM_CCxChannelCmd  stm32f1xx_hal_tim.o
    0x080020de   0x080020de   0x00000002   PAD
    0x080020e0   0x080020e0   0x00000030   Code   RO         3324    i.TIM_Init          init.o
    0x08002110   0x08002110   0x00000070   Code   RO         2230    i.TIM_OC1_SetConfig  stm32f1xx_hal_tim.o
    0x08002180   0x08002180   0x0000007c   Code   RO         2231    i.TIM_OC2_SetConfig  stm32f1xx_hal_tim.o
    0x080021fc   0x080021fc   0x00000078   Code   RO         2232    i.TIM_OC3_SetConfig  stm32f1xx_hal_tim.o
    0x08002274   0x08002274   0x00000054   Code   RO         2233    i.TIM_OC4_SetConfig  stm32f1xx_hal_tim.o
    0x080022c8   0x080022c8   0x00000004   Code   RO          192    i.UsageFault_Handler  stm32f1xx_it.o
    0x080022cc   0x080022cc   0x00000010   Code   RO          823    i.__NVIC_GetPriorityGrouping  stm32f1xx_hal_cortex.o
    0x080022dc   0x080022dc   0x00000028   Code   RO          824    i.__NVIC_SetPriority  stm32f1xx_hal_cortex.o
    0x08002304   0x08002304   0x0000005c   Code   RO         3574    i.adc_ave_filter    measure.o
    0x08002360   0x08002360   0x00000058   Code   RO         3575    i.adc_offset        measure.o
    0x080023b8   0x080023b8   0x00000088   Code   RO         3327    i.h_bridge_init     init.o
    0x08002440   0x08002440   0x0000003c   Code   RO         3422    i.hallsensor        bldc.o
    0x0800247c   0x0800247c   0x00000044   Code   RO         3328    i.l_bridge_init     init.o
    0x080024c0   0x080024c0   0x00000028   Code   RO            4    i.main              main.o
    0x080024e8   0x080024e8   0x0000001c   Code   RO         3329    i.sys_init          init.o
    0x08002504   0x08002504   0x00000048   Code   RO         3423    i.uhvl              bldc.o
    0x0800254c   0x0800254c   0x00000048   Code   RO         3424    i.uhwl              bldc.o
    0x08002594   0x08002594   0x00000048   Code   RO         3425    i.vhul              bldc.o
    0x080025dc   0x080025dc   0x00000048   Code   RO         3426    i.vhwl              bldc.o
    0x08002624   0x08002624   0x00000048   Code   RO         3427    i.whul              bldc.o
    0x0800266c   0x0800266c   0x00000048   Code   RO         3428    i.whvl              bldc.o
    0x080026b4   0x080026b4   0x00000018   Data   RO          287    .constdata          system_stm32f1xx.o
    0x080026cc   0x080026cc   0x00000020   Data   RO         3968    Region$$Table       anon$$obj.o


    Execution Region RW_IRAM1 (Exec base: 0x20000000, Load base: 0x080026ec, Size: 0x00000a48, Max: 0x00005000, ABSOLUTE)

    Exec Addr    Load Addr    Size         Type   Attr      Idx    E Section Name        Object

    0x20000000   0x080026ec   0x00000004   Data   RW          288    .data               system_stm32f1xx.o
    0x20000004   0x080026f0   0x00000009   Data   RW          347    .data               stm32f1xx_hal.o
    0x2000000d   0x080026f9   0x00000003   PAD
    0x20000010   0x080026fc   0x00000032   Data   RW         3429    .data               bldc.o
    0x20000042   0x0800272e   0x00000006   PAD
    0x20000048   0x08002734   0x00000020   Data   RW         3518    .data               motor_ctrl.o
    0x20000068   0x08002754   0x00000006   Data   RW         3577    .data               measure.o
    0x2000006e   0x0800275a   0x00000002   PAD
    0x20000070        -       0x00000144   Zero   RW         3330    .bss                init.o
    0x200001b4        -       0x000001fe   Zero   RW         3576    .bss                measure.o
    0x200003b2   0x0800275a   0x00000002   PAD
    0x200003b4        -       0x00000030   Zero   RW         3698    .bss                adc.o
    0x200003e4        -       0x00000060   Zero   RW         3838    .bss                c_w.l(libspace.o)
    0x20000444   0x0800275a   0x00000004   PAD
    0x20000448        -       0x00000200   Zero   RW         3308    HEAP                startup_stm32f103xb.o
    0x20000648        -       0x00000400   Zero   RW         3307    STACK               startup_stm32f103xb.o


==============================================================================

Image component sizes


      Code (inc. data)   RO Data    RW Data    ZI Data      Debug   Object Name

       180         22          0          0         48       1351   adc.o
       900        142          0         50          0       5083   bldc.o
       740         86          0          0        324       4918   init.o
        40          6          0          0          0     497627   main.o
       244         38          0          6        510       2118   measure.o
         0          0          0         32          0        492   motor_ctrl.o
        64         26        236          0       1536        768   startup_stm32f103xb.o
       152         32          0          9          0       5333   stm32f1xx_hal.o
      2148         72          0          0          0      10057   stm32f1xx_hal_adc.o
         2          0          0          0          0        893   stm32f1xx_hal_adc_ex.o
       304         22          0          0          0      29107   stm32f1xx_hal_cortex.o
      1346         18          0          0          0       3931   stm32f1xx_hal_dma.o
       860         40          0          0          0       2983   stm32f1xx_hal_gpio.o
        36          4          0          0          0        763   stm32f1xx_hal_msp.o
         2          0          0          0          0        414   stm32f1xx_hal_msp_template.o
       192         48          0          0          0       2059   stm32f1xx_hal_rcc.o
       308         32          0          0          0       1233   stm32f1xx_hal_rcc_ex.o
      1590         66          0          0          0       9913   stm32f1xx_hal_tim.o
         4          0          0          0          0       1245   stm32f1xx_hal_tim_ex.o
        98         22          0          0          0       5532   stm32f1xx_it.o
        88         18         24          4          0       1011   system_stm32f1xx.o

    ----------------------------------------------------------------------
      9316        694        292        112       2420     586831   Object Totals
         0          0         32          0          0          0   (incl. Generated)
        18          0          0         11          2          0   (incl. Padding)

    ----------------------------------------------------------------------

      Code (inc. data)   RO Data    RW Data    ZI Data      Debug   Library Member Name

         8          0          0          0          0         68   __main.o
         0          0          0          0          0          0   __rtentry.o
        12          0          0          0          0          0   __rtentry2.o
         6          0          0          0          0          0   __rtentry4.o
        52          8          0          0          0          0   __scatter.o
        26          0          0          0          0          0   __scatter_copy.o
        28          0          0          0          0          0   __scatter_zi.o
        18          0          0          0          0         80   exit.o
         6          0          0          0          0        152   heapauxi.o
         0          0          0          0          0          0   indicate_semi.o
         2          0          0          0          0          0   libinit.o
         2          0          0          0          0          0   libinit2.o
         2          0          0          0          0          0   libshutdown.o
         2          0          0          0          0          0   libshutdown2.o
         8          4          0          0         96         68   libspace.o
        78          0          0          0          0         80   rt_memclr_w.o
         2          0          0          0          0          0   rtexit.o
        10          0          0          0          0          0   rtexit2.o
        12          4          0          0          0         68   sys_exit.o
        74          0          0          0          0         80   sys_stackheap_outer.o
         2          0          0          0          0         68   use_no_semi.o

    ----------------------------------------------------------------------
       356         16          0          0        100        664   Library Totals
         6          0          0          0          4          0   (incl. Padding)

    ----------------------------------------------------------------------

      Code (inc. data)   RO Data    RW Data    ZI Data      Debug   Library Name

       350         16          0          0         96        664   c_w.l

    ----------------------------------------------------------------------
       356         16          0          0        100        664   Library Totals

    ----------------------------------------------------------------------

==============================================================================


      Code (inc. data)   RO Data    RW Data    ZI Data      Debug   

      9672        710        292        112       2520     582499   Grand Totals
      9672        710        292        112       2520     582499   ELF Image Totals
      9672        710        292        112          0          0   ROM Totals

==============================================================================

    Total RO  Size (Code + RO Data)                 9964 (   9.73kB)
    Total RW  Size (RW Data + ZI Data)              2632 (   2.57kB)
    Total ROM Size (Code + RO Data + RW Data)      10076 (   9.84kB)

==============================================================================

